
===========================================================================
report_checks -path_delay max (Setup)
============================================================================
Startpoint: _7910_ (rising edge-triggered flip-flop clocked by i_clk)
Endpoint: _8232_ (rising edge-triggered flip-flop clocked by i_clk)
Path Group: i_clk
Path Type: max

Fanout     Cap    Slew   Delay    Time   Description
-----------------------------------------------------------------------------
                          0.00    0.00   clock i_clk (rise edge)
                          0.00    0.00   clock source latency
                  0.20    0.15    0.15 ^ i_clk (in)
     1    0.04                           i_clk (net)
                  0.20    0.00    0.15 ^ clkbuf_0_i_clk/A (sky130_fd_sc_hd__clkbuf_16)
                  0.05    0.19    0.34 ^ clkbuf_0_i_clk/X (sky130_fd_sc_hd__clkbuf_16)
     2    0.02                           clknet_0_i_clk (net)
                  0.05    0.00    0.34 ^ clkbuf_1_0_0_i_clk/A (sky130_fd_sc_hd__clkbuf_8)
                  0.06    0.15    0.48 ^ clkbuf_1_0_0_i_clk/X (sky130_fd_sc_hd__clkbuf_8)
     2    0.03                           clknet_1_0_0_i_clk (net)
                  0.06    0.00    0.49 ^ clkbuf_2_1_0_i_clk/A (sky130_fd_sc_hd__clkbuf_8)
                  0.05    0.14    0.63 ^ clkbuf_2_1_0_i_clk/X (sky130_fd_sc_hd__clkbuf_8)
     2    0.02                           clknet_2_1_0_i_clk (net)
                  0.05    0.00    0.63 ^ clkbuf_3_3_0_i_clk/A (sky130_fd_sc_hd__clkbuf_8)
                  0.16    0.23    0.86 ^ clkbuf_3_3_0_i_clk/X (sky130_fd_sc_hd__clkbuf_8)
     9    0.09                           clknet_3_3_0_i_clk (net)
                  0.16    0.00    0.86 ^ clkbuf_leaf_7_i_clk/A (sky130_fd_sc_hd__clkbuf_16)
                  0.04    0.17    1.04 ^ clkbuf_leaf_7_i_clk/X (sky130_fd_sc_hd__clkbuf_16)
     7    0.02                           clknet_leaf_7_i_clk (net)
                  0.04    0.00    1.04 ^ _7910_/CLK (sky130_fd_sc_hd__dfxtp_1)
                  0.05    0.33    1.36 v _7910_/Q (sky130_fd_sc_hd__dfxtp_1)
     3    0.01                           decode.oc_r_reg_sel[1] (net)
                  0.05    0.00    1.36 v _3850_/A (sky130_fd_sc_hd__buf_4)
                  0.05    0.17    1.53 v _3850_/X (sky130_fd_sc_hd__buf_4)
    10    0.03                           _0507_ (net)
                  0.05    0.00    1.54 v _3985_/D (sky130_fd_sc_hd__and4_1)
                  0.04    0.21    1.75 v _3985_/X (sky130_fd_sc_hd__and4_1)
     1    0.00                           _0631_ (net)
                  0.04    0.00    1.75 v _3988_/B1 (sky130_fd_sc_hd__a2111o_1)
                  0.09    0.44    2.19 v _3988_/X (sky130_fd_sc_hd__a2111o_1)
     1    0.01                           _0634_ (net)
                  0.09    0.00    2.19 v _3989_/A3 (sky130_fd_sc_hd__o32ai_4)
                  1.00    0.86    3.05 ^ _3989_/Y (sky130_fd_sc_hd__o32ai_4)
     8    0.10                           _0635_ (net)
                  1.00    0.02    3.08 ^ _3990_/A (sky130_fd_sc_hd__clkinv_4)
                  0.25    0.28    3.36 v _3990_/Y (sky130_fd_sc_hd__clkinv_4)
     4    0.05                           net244 (net)
                  0.25    0.00    3.36 v _5097_/A1 (sky130_fd_sc_hd__mux2_4)
                  0.08    0.40    3.76 v _5097_/X (sky130_fd_sc_hd__mux2_4)
     3    0.02                           _1550_ (net)
                  0.08    0.00    3.76 v _5098_/A (sky130_fd_sc_hd__buf_12)
                  0.03    0.15    3.91 v _5098_/X (sky130_fd_sc_hd__buf_12)
     6    0.03                           _1551_ (net)
                  0.03    0.00    3.91 v _5939_/A2 (sky130_fd_sc_hd__a22o_1)
                  0.06    0.25    4.16 v _5939_/X (sky130_fd_sc_hd__a22o_1)
     2    0.01                           _2280_ (net)
                  0.06    0.00    4.16 v _5945_/B (sky130_fd_sc_hd__and3_1)
                  0.04    0.18    4.35 v _5945_/X (sky130_fd_sc_hd__and3_1)
     2    0.00                           _2286_ (net)
                  0.04    0.00    4.35 v _5946_/B1_N (sky130_fd_sc_hd__o21bai_1)
                  0.09    0.18    4.53 v _5946_/Y (sky130_fd_sc_hd__o21bai_1)
     2    0.01                           _2287_ (net)
                  0.09    0.00    4.53 v _5948_/B (sky130_fd_sc_hd__and3_4)
                  0.05    0.21    4.74 v _5948_/X (sky130_fd_sc_hd__and3_4)
     4    0.01                           _2289_ (net)
                  0.05    0.00    4.74 v _5952_/A (sky130_fd_sc_hd__or3b_4)
                  0.08    0.44    5.17 v _5952_/X (sky130_fd_sc_hd__or3b_4)
     3    0.01                           _2293_ (net)
                  0.08    0.00    5.17 v _5986_/A (sky130_fd_sc_hd__nand2_2)
                  0.06    0.09    5.26 ^ _5986_/Y (sky130_fd_sc_hd__nand2_2)
     2    0.01                           _2327_ (net)
                  0.06    0.00    5.26 ^ _5993_/B (sky130_fd_sc_hd__xnor2_1)
                  0.08    0.09    5.35 v _5993_/Y (sky130_fd_sc_hd__xnor2_1)
     2    0.01                           _2334_ (net)
                  0.08    0.00    5.35 v _5994_/B (sky130_fd_sc_hd__or2_1)
                  0.09    0.28    5.63 v _5994_/X (sky130_fd_sc_hd__or2_1)
     2    0.01                           _2335_ (net)
                  0.09    0.00    5.63 v _5996_/A2 (sky130_fd_sc_hd__a211oi_4)
                  0.31    0.38    6.02 ^ _5996_/Y (sky130_fd_sc_hd__a211oi_4)
     4    0.02                           _2337_ (net)
                  0.31    0.00    6.02 ^ _6005_/A1 (sky130_fd_sc_hd__o211a_1)
                  0.13    0.29    6.31 ^ _6005_/X (sky130_fd_sc_hd__o211a_1)
     2    0.01                           _2346_ (net)
                  0.13    0.00    6.31 ^ _6111_/B1 (sky130_fd_sc_hd__a211oi_1)
                  0.09    0.09    6.39 v _6111_/Y (sky130_fd_sc_hd__a211oi_1)
     2    0.01                           _2452_ (net)
                  0.09    0.00    6.39 v _6113_/B1 (sky130_fd_sc_hd__a211o_1)
                  0.09    0.34    6.74 v _6113_/X (sky130_fd_sc_hd__a211o_1)
     3    0.01                           _2454_ (net)
                  0.09    0.00    6.74 v _6115_/A3 (sky130_fd_sc_hd__a311o_1)
                  0.11    0.45    7.19 v _6115_/X (sky130_fd_sc_hd__a311o_1)
     3    0.02                           _2456_ (net)
                  0.11    0.00    7.19 v _6121_/A3 (sky130_fd_sc_hd__a41o_1)
                  0.10    0.33    7.52 v _6121_/X (sky130_fd_sc_hd__a41o_1)
     4    0.02                           _2462_ (net)
                  0.10    0.00    7.53 v _6338_/A2 (sky130_fd_sc_hd__a211o_1)
                  0.06    0.34    7.87 v _6338_/X (sky130_fd_sc_hd__a211o_1)
     1    0.01                           _2679_ (net)
                  0.06    0.00    7.87 v _6339_/B1 (sky130_fd_sc_hd__o311a_4)
                  0.08    0.17    8.04 v _6339_/X (sky130_fd_sc_hd__o311a_4)
     2    0.03                           _2680_ (net)
                  0.08    0.00    8.05 v _6383_/B1 (sky130_fd_sc_hd__a211o_4)
                  0.09    0.39    8.43 v _6383_/X (sky130_fd_sc_hd__a211o_4)
     5    0.03                           _2724_ (net)
                  0.09    0.00    8.43 v _6829_/B1 (sky130_fd_sc_hd__a22o_4)
                  0.08    0.29    8.72 v _6829_/X (sky130_fd_sc_hd__a22o_4)
     3    0.04                           _3151_ (net)
                  0.08    0.01    8.73 v _7644_/B2 (sky130_fd_sc_hd__a2bb2o_1)
                  0.05    0.27    9.00 v _7644_/X (sky130_fd_sc_hd__a2bb2o_1)
     1    0.00                           _3756_ (net)
                  0.05    0.00    9.00 v _7645_/A1 (sky130_fd_sc_hd__mux2_2)
                  0.07    0.30    9.30 v _7645_/X (sky130_fd_sc_hd__mux2_2)
     1    0.01                           _3757_ (net)
                  0.07    0.00    9.30 v _7646_/A0 (sky130_fd_sc_hd__mux2_1)
                  0.05    0.30    9.60 v _7646_/X (sky130_fd_sc_hd__mux2_1)
     1    0.00                           _3758_ (net)
                  0.05    0.00    9.60 v _7647_/A (sky130_fd_sc_hd__clkbuf_1)
                  0.03    0.10    9.70 v _7647_/X (sky130_fd_sc_hd__clkbuf_1)
     1    0.00                           _0462_ (net)
                  0.03    0.00    9.70 v _8232_/D (sky130_fd_sc_hd__dfxtp_1)
                                  9.70   data arrival time

                         10.00   10.00   clock i_clk (rise edge)
                          0.00   10.00   clock source latency
                  0.20    0.14   10.14 ^ i_clk (in)
     1    0.04                           i_clk (net)
                  0.20    0.00   10.14 ^ clkbuf_0_i_clk/A (sky130_fd_sc_hd__clkbuf_16)
                  0.05    0.17   10.31 ^ clkbuf_0_i_clk/X (sky130_fd_sc_hd__clkbuf_16)
     2    0.02                           clknet_0_i_clk (net)
                  0.05    0.00   10.31 ^ clkbuf_1_1_0_i_clk/A (sky130_fd_sc_hd__clkbuf_8)
                  0.06    0.13   10.44 ^ clkbuf_1_1_0_i_clk/X (sky130_fd_sc_hd__clkbuf_8)
     2    0.02                           clknet_1_1_0_i_clk (net)
                  0.06    0.00   10.44 ^ clkbuf_2_2_0_i_clk/A (sky130_fd_sc_hd__clkbuf_8)
                  0.05    0.13   10.56 ^ clkbuf_2_2_0_i_clk/X (sky130_fd_sc_hd__clkbuf_8)
     2    0.02                           clknet_2_2_0_i_clk (net)
                  0.05    0.00   10.57 ^ clkbuf_3_5_0_i_clk/A (sky130_fd_sc_hd__clkbuf_8)
                  0.27    0.28   10.84 ^ clkbuf_3_5_0_i_clk/X (sky130_fd_sc_hd__clkbuf_8)
    15    0.16                           clknet_3_5_0_i_clk (net)
                  0.27    0.00   10.85 ^ clkbuf_leaf_58_i_clk/A (sky130_fd_sc_hd__clkbuf_16)
                  0.04    0.19   11.03 ^ clkbuf_leaf_58_i_clk/X (sky130_fd_sc_hd__clkbuf_16)
     6    0.02                           clknet_leaf_58_i_clk (net)
                  0.04    0.00   11.03 ^ _8232_/CLK (sky130_fd_sc_hd__dfxtp_1)
                         -0.25   10.78   clock uncertainty
                          0.03   10.82   clock reconvergence pessimism
                         -0.10   10.71   library setup time
                                 10.71   data required time
-----------------------------------------------------------------------------
                                 10.71   data required time
                                 -9.70   data arrival time
-----------------------------------------------------------------------------
                                  1.01   slack (MET)


Startpoint: _7909_ (rising edge-triggered flip-flop clocked by i_clk)
Endpoint: _8240_ (rising edge-triggered flip-flop clocked by i_clk)
Path Group: i_clk
Path Type: max

Fanout     Cap    Slew   Delay    Time   Description
-----------------------------------------------------------------------------
                          0.00    0.00   clock i_clk (rise edge)
                          0.00    0.00   clock source latency
                  0.20    0.15    0.15 ^ i_clk (in)
     1    0.04                           i_clk (net)
                  0.20    0.00    0.15 ^ clkbuf_0_i_clk/A (sky130_fd_sc_hd__clkbuf_16)
                  0.05    0.19    0.34 ^ clkbuf_0_i_clk/X (sky130_fd_sc_hd__clkbuf_16)
     2    0.02                           clknet_0_i_clk (net)
                  0.05    0.00    0.34 ^ clkbuf_1_0_0_i_clk/A (sky130_fd_sc_hd__clkbuf_8)
                  0.06    0.15    0.48 ^ clkbuf_1_0_0_i_clk/X (sky130_fd_sc_hd__clkbuf_8)
     2    0.03                           clknet_1_0_0_i_clk (net)
                  0.06    0.00    0.49 ^ clkbuf_2_1_0_i_clk/A (sky130_fd_sc_hd__clkbuf_8)
                  0.05    0.14    0.63 ^ clkbuf_2_1_0_i_clk/X (sky130_fd_sc_hd__clkbuf_8)
     2    0.02                           clknet_2_1_0_i_clk (net)
                  0.05    0.00    0.63 ^ clkbuf_3_3_0_i_clk/A (sky130_fd_sc_hd__clkbuf_8)
                  0.16    0.23    0.86 ^ clkbuf_3_3_0_i_clk/X (sky130_fd_sc_hd__clkbuf_8)
     9    0.09                           clknet_3_3_0_i_clk (net)
                  0.16    0.00    0.86 ^ clkbuf_leaf_7_i_clk/A (sky130_fd_sc_hd__clkbuf_16)
                  0.04    0.17    1.04 ^ clkbuf_leaf_7_i_clk/X (sky130_fd_sc_hd__clkbuf_16)
     7    0.02                           clknet_leaf_7_i_clk (net)
                  0.04    0.00    1.04 ^ _7909_/CLK (sky130_fd_sc_hd__dfxtp_2)
                  0.09    0.37    1.40 ^ _7909_/Q (sky130_fd_sc_hd__dfxtp_2)
     3    0.02                           decode.oc_r_reg_sel[0] (net)
                  0.09    0.00    1.40 ^ _3848_/A (sky130_fd_sc_hd__buf_6)
                  0.08    0.15    1.55 ^ _3848_/X (sky130_fd_sc_hd__buf_6)
    10    0.03                           _0505_ (net)
                  0.08    0.00    1.55 ^ _3870_/A (sky130_fd_sc_hd__buf_2)
                  0.15    0.21    1.76 ^ _3870_/X (sky130_fd_sc_hd__buf_2)
    10    0.03                           _0527_ (net)
                  0.15    0.00    1.76 ^ _3871_/A (sky130_fd_sc_hd__buf_2)
                  0.16    0.24    2.00 ^ _3871_/X (sky130_fd_sc_hd__buf_2)
    10    0.03                           _0528_ (net)
                  0.16    0.00    2.00 ^ _3872_/A (sky130_fd_sc_hd__clkbuf_4)
                  0.13    0.25    2.25 ^ _3872_/X (sky130_fd_sc_hd__clkbuf_4)
    10    0.04                           _0529_ (net)
                  0.13    0.00    2.25 ^ _3993_/A_N (sky130_fd_sc_hd__and4b_1)
                  0.06    0.24    2.49 v _3993_/X (sky130_fd_sc_hd__and4b_1)
     1    0.01                           _0638_ (net)
                  0.06    0.00    2.49 v _3996_/A (sky130_fd_sc_hd__or3_1)
                  0.10    0.43    2.92 v _3996_/X (sky130_fd_sc_hd__or3_1)
     1    0.01                           _0641_ (net)
                  0.10    0.00    2.92 v _3997_/B2 (sky130_fd_sc_hd__o22ai_4)
                  0.59    0.46    3.38 ^ _3997_/Y (sky130_fd_sc_hd__o22ai_4)
     8    0.08                           _0642_ (net)
                  0.59    0.02    3.40 ^ _3998_/A (sky130_fd_sc_hd__inv_2)
                  0.17    0.20    3.60 v _3998_/Y (sky130_fd_sc_hd__inv_2)
     4    0.03                           net243 (net)
                  0.17    0.00    3.60 v _5109_/A1 (sky130_fd_sc_hd__mux2_8)
                  0.09    0.41    4.02 v _5109_/X (sky130_fd_sc_hd__mux2_8)
     7    0.05                           _1562_ (net)
                  0.09    0.01    4.03 v _6044_/B (sky130_fd_sc_hd__nand2_1)
                  0.10    0.13    4.16 ^ _6044_/Y (sky130_fd_sc_hd__nand2_1)
     2    0.01                           _2385_ (net)
                  0.10    0.00    4.16 ^ _6247_/A (sky130_fd_sc_hd__and2_1)
                  0.17    0.23    4.39 ^ _6247_/X (sky130_fd_sc_hd__and2_1)
     5    0.02                           _2588_ (net)
                  0.17    0.00    4.39 ^ _6248_/B1 (sky130_fd_sc_hd__a21oi_1)
                  0.07    0.09    4.48 v _6248_/Y (sky130_fd_sc_hd__a21oi_1)
     2    0.01                           _2589_ (net)
                  0.07    0.00    4.48 v _6249_/B1 (sky130_fd_sc_hd__a21o_1)
                  0.07    0.21    4.69 v _6249_/X (sky130_fd_sc_hd__a21o_1)
     2    0.01                           _2590_ (net)
                  0.07    0.00    4.69 v _6251_/A2 (sky130_fd_sc_hd__a21oi_2)
                  0.20    0.24    4.92 ^ _6251_/Y (sky130_fd_sc_hd__a21oi_2)
     3    0.01                           _2592_ (net)
                  0.20    0.00    4.92 ^ _6253_/A2 (sky130_fd_sc_hd__o211ai_2)
                  0.11    0.14    5.06 v _6253_/Y (sky130_fd_sc_hd__o211ai_2)
     4    0.01                           _2594_ (net)
                  0.11    0.00    5.06 v _6257_/A3 (sky130_fd_sc_hd__a311o_2)
                  0.11    0.51    5.57 v _6257_/X (sky130_fd_sc_hd__a311o_2)
     5    0.03                           _2598_ (net)
                  0.11    0.00    5.57 v _6264_/A3 (sky130_fd_sc_hd__a311oi_4)
                  0.27    0.37    5.94 ^ _6264_/Y (sky130_fd_sc_hd__a311oi_4)
     2    0.01                           _2605_ (net)
                  0.27    0.00    5.94 ^ _6266_/A2 (sky130_fd_sc_hd__o211ai_2)
                  0.09    0.14    6.08 v _6266_/Y (sky130_fd_sc_hd__o211ai_2)
     3    0.01                           _2607_ (net)
                  0.09    0.00    6.08 v _6269_/A2 (sky130_fd_sc_hd__a21oi_1)
                  0.28    0.31    6.38 ^ _6269_/Y (sky130_fd_sc_hd__a21oi_1)
     3    0.01                           _2610_ (net)
                  0.28    0.00    6.38 ^ _6271_/A2 (sky130_fd_sc_hd__o21ai_2)
                  0.09    0.12    6.51 v _6271_/Y (sky130_fd_sc_hd__o21ai_2)
     3    0.01                           _2612_ (net)
                  0.09    0.00    6.51 v _6272_/A2 (sky130_fd_sc_hd__a21o_1)
                  0.06    0.23    6.73 v _6272_/X (sky130_fd_sc_hd__a21o_1)
     3    0.01                           _2613_ (net)
                  0.06    0.00    6.73 v _6353_/A2 (sky130_fd_sc_hd__a21oi_1)
                  0.17    0.20    6.93 ^ _6353_/Y (sky130_fd_sc_hd__a21oi_1)
     2    0.01                           _2694_ (net)
                  0.17    0.00    6.93 ^ _6658_/A2_N (sky130_fd_sc_hd__a2bb2o_1)
                  0.06    0.32    7.26 v _6658_/X (sky130_fd_sc_hd__a2bb2o_1)
     1    0.01                           _2998_ (net)
                  0.06    0.00    7.26 v _6667_/A2 (sky130_fd_sc_hd__a211o_4)
                  0.12    0.44    7.70 v _6667_/X (sky130_fd_sc_hd__a211o_4)
     6    0.05                           _3007_ (net)
                  0.12    0.01    7.71 v _7669_/B (sky130_fd_sc_hd__or4_1)
                  0.11    0.58    8.29 v _7669_/X (sky130_fd_sc_hd__or4_1)
     2    0.01                           _3777_ (net)
                  0.11    0.00    8.29 v _7678_/A (sky130_fd_sc_hd__or2_1)
                  0.06    0.28    8.57 v _7678_/X (sky130_fd_sc_hd__or2_1)
     2    0.01                           _3785_ (net)
                  0.06    0.00    8.57 v _7685_/A0 (sky130_fd_sc_hd__mux2_1)
                  0.09    0.35    8.92 v _7685_/X (sky130_fd_sc_hd__mux2_1)
     3    0.01                           _3791_ (net)
                  0.09    0.00    8.92 v _7692_/B1 (sky130_fd_sc_hd__a21o_1)
                  0.05    0.19    9.11 v _7692_/X (sky130_fd_sc_hd__a21o_1)
     1    0.01                           _3797_ (net)
                  0.05    0.00    9.11 v _7693_/B (sky130_fd_sc_hd__xnor2_1)
                  0.05    0.12    9.23 v _7693_/Y (sky130_fd_sc_hd__xnor2_1)
     1    0.00                           _3798_ (net)
                  0.05    0.00    9.23 v _7694_/A0 (sky130_fd_sc_hd__mux2_1)
                  0.05    0.29    9.52 v _7694_/X (sky130_fd_sc_hd__mux2_1)
     1    0.00                           _3799_ (net)
                  0.05    0.00    9.52 v _7695_/A (sky130_fd_sc_hd__clkbuf_1)
                  0.03    0.09    9.62 v _7695_/X (sky130_fd_sc_hd__clkbuf_1)
     1    0.00                           _0470_ (net)
                  0.03    0.00    9.62 v _8240_/D (sky130_fd_sc_hd__dfxtp_1)
                                  9.62   data arrival time

                         10.00   10.00   clock i_clk (rise edge)
                          0.00   10.00   clock source latency
                  0.20    0.14   10.14 ^ i_clk (in)
     1    0.04                           i_clk (net)
                  0.20    0.00   10.14 ^ clkbuf_0_i_clk/A (sky130_fd_sc_hd__clkbuf_16)
                  0.05    0.17   10.31 ^ clkbuf_0_i_clk/X (sky130_fd_sc_hd__clkbuf_16)
     2    0.02                           clknet_0_i_clk (net)
                  0.05    0.00   10.31 ^ clkbuf_1_1_0_i_clk/A (sky130_fd_sc_hd__clkbuf_8)
                  0.06    0.13   10.44 ^ clkbuf_1_1_0_i_clk/X (sky130_fd_sc_hd__clkbuf_8)
     2    0.02                           clknet_1_1_0_i_clk (net)
                  0.06    0.00   10.44 ^ clkbuf_2_2_0_i_clk/A (sky130_fd_sc_hd__clkbuf_8)
                  0.05    0.13   10.56 ^ clkbuf_2_2_0_i_clk/X (sky130_fd_sc_hd__clkbuf_8)
     2    0.02                           clknet_2_2_0_i_clk (net)
                  0.05    0.00   10.57 ^ clkbuf_3_5_0_i_clk/A (sky130_fd_sc_hd__clkbuf_8)
                  0.27    0.28   10.84 ^ clkbuf_3_5_0_i_clk/X (sky130_fd_sc_hd__clkbuf_8)
    15    0.16                           clknet_3_5_0_i_clk (net)
                  0.27    0.01   10.85 ^ clkbuf_leaf_62_i_clk/A (sky130_fd_sc_hd__clkbuf_16)
                  0.05    0.19   11.04 ^ clkbuf_leaf_62_i_clk/X (sky130_fd_sc_hd__clkbuf_16)
     8    0.02                           clknet_leaf_62_i_clk (net)
                  0.05    0.00   11.05 ^ _8240_/CLK (sky130_fd_sc_hd__dfxtp_1)
                         -0.25   10.80   clock uncertainty
                          0.03   10.83   clock reconvergence pessimism
                         -0.10   10.73   library setup time
                                 10.73   data required time
-----------------------------------------------------------------------------
                                 10.73   data required time
                                 -9.62   data arrival time
-----------------------------------------------------------------------------
                                  1.11   slack (MET)


Startpoint: _7909_ (rising edge-triggered flip-flop clocked by i_clk)
Endpoint: _8241_ (rising edge-triggered flip-flop clocked by i_clk)
Path Group: i_clk
Path Type: max

Fanout     Cap    Slew   Delay    Time   Description
-----------------------------------------------------------------------------
                          0.00    0.00   clock i_clk (rise edge)
                          0.00    0.00   clock source latency
                  0.20    0.15    0.15 ^ i_clk (in)
     1    0.04                           i_clk (net)
                  0.20    0.00    0.15 ^ clkbuf_0_i_clk/A (sky130_fd_sc_hd__clkbuf_16)
                  0.05    0.19    0.34 ^ clkbuf_0_i_clk/X (sky130_fd_sc_hd__clkbuf_16)
     2    0.02                           clknet_0_i_clk (net)
                  0.05    0.00    0.34 ^ clkbuf_1_0_0_i_clk/A (sky130_fd_sc_hd__clkbuf_8)
                  0.06    0.15    0.48 ^ clkbuf_1_0_0_i_clk/X (sky130_fd_sc_hd__clkbuf_8)
     2    0.03                           clknet_1_0_0_i_clk (net)
                  0.06    0.00    0.49 ^ clkbuf_2_1_0_i_clk/A (sky130_fd_sc_hd__clkbuf_8)
                  0.05    0.14    0.63 ^ clkbuf_2_1_0_i_clk/X (sky130_fd_sc_hd__clkbuf_8)
     2    0.02                           clknet_2_1_0_i_clk (net)
                  0.05    0.00    0.63 ^ clkbuf_3_3_0_i_clk/A (sky130_fd_sc_hd__clkbuf_8)
                  0.16    0.23    0.86 ^ clkbuf_3_3_0_i_clk/X (sky130_fd_sc_hd__clkbuf_8)
     9    0.09                           clknet_3_3_0_i_clk (net)
                  0.16    0.00    0.86 ^ clkbuf_leaf_7_i_clk/A (sky130_fd_sc_hd__clkbuf_16)
                  0.04    0.17    1.04 ^ clkbuf_leaf_7_i_clk/X (sky130_fd_sc_hd__clkbuf_16)
     7    0.02                           clknet_leaf_7_i_clk (net)
                  0.04    0.00    1.04 ^ _7909_/CLK (sky130_fd_sc_hd__dfxtp_2)
                  0.09    0.37    1.40 ^ _7909_/Q (sky130_fd_sc_hd__dfxtp_2)
     3    0.02                           decode.oc_r_reg_sel[0] (net)
                  0.09    0.00    1.40 ^ _3848_/A (sky130_fd_sc_hd__buf_6)
                  0.08    0.15    1.55 ^ _3848_/X (sky130_fd_sc_hd__buf_6)
    10    0.03                           _0505_ (net)
                  0.08    0.00    1.55 ^ _3870_/A (sky130_fd_sc_hd__buf_2)
                  0.15    0.21    1.76 ^ _3870_/X (sky130_fd_sc_hd__buf_2)
    10    0.03                           _0527_ (net)
                  0.15    0.00    1.76 ^ _3871_/A (sky130_fd_sc_hd__buf_2)
                  0.16    0.24    2.00 ^ _3871_/X (sky130_fd_sc_hd__buf_2)
    10    0.03                           _0528_ (net)
                  0.16    0.00    2.00 ^ _3872_/A (sky130_fd_sc_hd__clkbuf_4)
                  0.13    0.25    2.25 ^ _3872_/X (sky130_fd_sc_hd__clkbuf_4)
    10    0.04                           _0529_ (net)
                  0.13    0.00    2.25 ^ _3993_/A_N (sky130_fd_sc_hd__and4b_1)
                  0.06    0.24    2.49 v _3993_/X (sky130_fd_sc_hd__and4b_1)
     1    0.01                           _0638_ (net)
                  0.06    0.00    2.49 v _3996_/A (sky130_fd_sc_hd__or3_1)
                  0.10    0.43    2.92 v _3996_/X (sky130_fd_sc_hd__or3_1)
     1    0.01                           _0641_ (net)
                  0.10    0.00    2.92 v _3997_/B2 (sky130_fd_sc_hd__o22ai_4)
                  0.59    0.46    3.38 ^ _3997_/Y (sky130_fd_sc_hd__o22ai_4)
     8    0.08                           _0642_ (net)
                  0.59    0.02    3.40 ^ _3998_/A (sky130_fd_sc_hd__inv_2)
                  0.17    0.20    3.60 v _3998_/Y (sky130_fd_sc_hd__inv_2)
     4    0.03                           net243 (net)
                  0.17    0.00    3.60 v _5109_/A1 (sky130_fd_sc_hd__mux2_8)
                  0.09    0.41    4.02 v _5109_/X (sky130_fd_sc_hd__mux2_8)
     7    0.05                           _1562_ (net)
                  0.09    0.01    4.03 v _6044_/B (sky130_fd_sc_hd__nand2_1)
                  0.10    0.13    4.16 ^ _6044_/Y (sky130_fd_sc_hd__nand2_1)
     2    0.01                           _2385_ (net)
                  0.10    0.00    4.16 ^ _6247_/A (sky130_fd_sc_hd__and2_1)
                  0.17    0.23    4.39 ^ _6247_/X (sky130_fd_sc_hd__and2_1)
     5    0.02                           _2588_ (net)
                  0.17    0.00    4.39 ^ _6248_/B1 (sky130_fd_sc_hd__a21oi_1)
                  0.07    0.09    4.48 v _6248_/Y (sky130_fd_sc_hd__a21oi_1)
     2    0.01                           _2589_ (net)
                  0.07    0.00    4.48 v _6249_/B1 (sky130_fd_sc_hd__a21o_1)
                  0.07    0.21    4.69 v _6249_/X (sky130_fd_sc_hd__a21o_1)
     2    0.01                           _2590_ (net)
                  0.07    0.00    4.69 v _6251_/A2 (sky130_fd_sc_hd__a21oi_2)
                  0.20    0.24    4.92 ^ _6251_/Y (sky130_fd_sc_hd__a21oi_2)
     3    0.01                           _2592_ (net)
                  0.20    0.00    4.92 ^ _6253_/A2 (sky130_fd_sc_hd__o211ai_2)
                  0.11    0.14    5.06 v _6253_/Y (sky130_fd_sc_hd__o211ai_2)
     4    0.01                           _2594_ (net)
                  0.11    0.00    5.06 v _6257_/A3 (sky130_fd_sc_hd__a311o_2)
                  0.11    0.51    5.57 v _6257_/X (sky130_fd_sc_hd__a311o_2)
     5    0.03                           _2598_ (net)
                  0.11    0.00    5.57 v _6264_/A3 (sky130_fd_sc_hd__a311oi_4)
                  0.27    0.37    5.94 ^ _6264_/Y (sky130_fd_sc_hd__a311oi_4)
     2    0.01                           _2605_ (net)
                  0.27    0.00    5.94 ^ _6266_/A2 (sky130_fd_sc_hd__o211ai_2)
                  0.09    0.14    6.08 v _6266_/Y (sky130_fd_sc_hd__o211ai_2)
     3    0.01                           _2607_ (net)
                  0.09    0.00    6.08 v _6269_/A2 (sky130_fd_sc_hd__a21oi_1)
                  0.28    0.31    6.38 ^ _6269_/Y (sky130_fd_sc_hd__a21oi_1)
     3    0.01                           _2610_ (net)
                  0.28    0.00    6.38 ^ _6271_/A2 (sky130_fd_sc_hd__o21ai_2)
                  0.09    0.12    6.51 v _6271_/Y (sky130_fd_sc_hd__o21ai_2)
     3    0.01                           _2612_ (net)
                  0.09    0.00    6.51 v _6272_/A2 (sky130_fd_sc_hd__a21o_1)
                  0.06    0.23    6.73 v _6272_/X (sky130_fd_sc_hd__a21o_1)
     3    0.01                           _2613_ (net)
                  0.06    0.00    6.73 v _6353_/A2 (sky130_fd_sc_hd__a21oi_1)
                  0.17    0.20    6.93 ^ _6353_/Y (sky130_fd_sc_hd__a21oi_1)
     2    0.01                           _2694_ (net)
                  0.17    0.00    6.93 ^ _6658_/A2_N (sky130_fd_sc_hd__a2bb2o_1)
                  0.06    0.32    7.26 v _6658_/X (sky130_fd_sc_hd__a2bb2o_1)
     1    0.01                           _2998_ (net)
                  0.06    0.00    7.26 v _6667_/A2 (sky130_fd_sc_hd__a211o_4)
                  0.12    0.44    7.70 v _6667_/X (sky130_fd_sc_hd__a211o_4)
     6    0.05                           _3007_ (net)
                  0.12    0.01    7.71 v _7669_/B (sky130_fd_sc_hd__or4_1)
                  0.11    0.58    8.29 v _7669_/X (sky130_fd_sc_hd__or4_1)
     2    0.01                           _3777_ (net)
                  0.11    0.00    8.29 v _7678_/A (sky130_fd_sc_hd__or2_1)
                  0.06    0.28    8.57 v _7678_/X (sky130_fd_sc_hd__or2_1)
     2    0.01                           _3785_ (net)
                  0.06    0.00    8.57 v _7685_/A0 (sky130_fd_sc_hd__mux2_1)
                  0.09    0.35    8.92 v _7685_/X (sky130_fd_sc_hd__mux2_1)
     3    0.01                           _3791_ (net)
                  0.09    0.00    8.92 v _7698_/A (sky130_fd_sc_hd__nor2_1)
                  0.14    0.17    9.09 ^ _7698_/Y (sky130_fd_sc_hd__nor2_1)
     1    0.01                           _3802_ (net)
                  0.14    0.00    9.09 ^ _7699_/B (sky130_fd_sc_hd__xnor2_1)
                  0.06    0.09    9.17 v _7699_/Y (sky130_fd_sc_hd__xnor2_1)
     1    0.00                           _3803_ (net)
                  0.06    0.00    9.17 v _7700_/A0 (sky130_fd_sc_hd__mux2_1)
                  0.05    0.30    9.47 v _7700_/X (sky130_fd_sc_hd__mux2_1)
     1    0.00                           _3804_ (net)
                  0.05    0.00    9.47 v _7701_/A (sky130_fd_sc_hd__clkbuf_1)
                  0.03    0.10    9.57 v _7701_/X (sky130_fd_sc_hd__clkbuf_1)
     1    0.00                           _0471_ (net)
                  0.03    0.00    9.57 v _8241_/D (sky130_fd_sc_hd__dfxtp_1)
                                  9.57   data arrival time

                         10.00   10.00   clock i_clk (rise edge)
                          0.00   10.00   clock source latency
                  0.20    0.14   10.14 ^ i_clk (in)
     1    0.04                           i_clk (net)
                  0.20    0.00   10.14 ^ clkbuf_0_i_clk/A (sky130_fd_sc_hd__clkbuf_16)
                  0.05    0.17   10.31 ^ clkbuf_0_i_clk/X (sky130_fd_sc_hd__clkbuf_16)
     2    0.02                           clknet_0_i_clk (net)
                  0.05    0.00   10.31 ^ clkbuf_1_1_0_i_clk/A (sky130_fd_sc_hd__clkbuf_8)
                  0.06    0.13   10.44 ^ clkbuf_1_1_0_i_clk/X (sky130_fd_sc_hd__clkbuf_8)
     2    0.02                           clknet_1_1_0_i_clk (net)
                  0.06    0.00   10.44 ^ clkbuf_2_2_0_i_clk/A (sky130_fd_sc_hd__clkbuf_8)
                  0.05    0.13   10.56 ^ clkbuf_2_2_0_i_clk/X (sky130_fd_sc_hd__clkbuf_8)
     2    0.02                           clknet_2_2_0_i_clk (net)
                  0.05    0.00   10.57 ^ clkbuf_3_5_0_i_clk/A (sky130_fd_sc_hd__clkbuf_8)
                  0.27    0.28   10.84 ^ clkbuf_3_5_0_i_clk/X (sky130_fd_sc_hd__clkbuf_8)
    15    0.16                           clknet_3_5_0_i_clk (net)
                  0.27    0.01   10.85 ^ clkbuf_leaf_63_i_clk/A (sky130_fd_sc_hd__clkbuf_16)
                  0.04    0.18   11.04 ^ clkbuf_leaf_63_i_clk/X (sky130_fd_sc_hd__clkbuf_16)
     5    0.02                           clknet_leaf_63_i_clk (net)
                  0.04    0.00   11.04 ^ _8241_/CLK (sky130_fd_sc_hd__dfxtp_1)
                         -0.25   10.79   clock uncertainty
                          0.03   10.82   clock reconvergence pessimism
                         -0.10   10.72   library setup time
                                 10.72   data required time
-----------------------------------------------------------------------------
                                 10.72   data required time
                                 -9.57   data arrival time
-----------------------------------------------------------------------------
                                  1.15   slack (MET)


Startpoint: _7909_ (rising edge-triggered flip-flop clocked by i_clk)
Endpoint: _8239_ (rising edge-triggered flip-flop clocked by i_clk)
Path Group: i_clk
Path Type: max

Fanout     Cap    Slew   Delay    Time   Description
-----------------------------------------------------------------------------
                          0.00    0.00   clock i_clk (rise edge)
                          0.00    0.00   clock source latency
                  0.20    0.15    0.15 ^ i_clk (in)
     1    0.04                           i_clk (net)
                  0.20    0.00    0.15 ^ clkbuf_0_i_clk/A (sky130_fd_sc_hd__clkbuf_16)
                  0.05    0.19    0.34 ^ clkbuf_0_i_clk/X (sky130_fd_sc_hd__clkbuf_16)
     2    0.02                           clknet_0_i_clk (net)
                  0.05    0.00    0.34 ^ clkbuf_1_0_0_i_clk/A (sky130_fd_sc_hd__clkbuf_8)
                  0.06    0.15    0.48 ^ clkbuf_1_0_0_i_clk/X (sky130_fd_sc_hd__clkbuf_8)
     2    0.03                           clknet_1_0_0_i_clk (net)
                  0.06    0.00    0.49 ^ clkbuf_2_1_0_i_clk/A (sky130_fd_sc_hd__clkbuf_8)
                  0.05    0.14    0.63 ^ clkbuf_2_1_0_i_clk/X (sky130_fd_sc_hd__clkbuf_8)
     2    0.02                           clknet_2_1_0_i_clk (net)
                  0.05    0.00    0.63 ^ clkbuf_3_3_0_i_clk/A (sky130_fd_sc_hd__clkbuf_8)
                  0.16    0.23    0.86 ^ clkbuf_3_3_0_i_clk/X (sky130_fd_sc_hd__clkbuf_8)
     9    0.09                           clknet_3_3_0_i_clk (net)
                  0.16    0.00    0.86 ^ clkbuf_leaf_7_i_clk/A (sky130_fd_sc_hd__clkbuf_16)
                  0.04    0.17    1.04 ^ clkbuf_leaf_7_i_clk/X (sky130_fd_sc_hd__clkbuf_16)
     7    0.02                           clknet_leaf_7_i_clk (net)
                  0.04    0.00    1.04 ^ _7909_/CLK (sky130_fd_sc_hd__dfxtp_2)
                  0.09    0.37    1.40 ^ _7909_/Q (sky130_fd_sc_hd__dfxtp_2)
     3    0.02                           decode.oc_r_reg_sel[0] (net)
                  0.09    0.00    1.40 ^ _3848_/A (sky130_fd_sc_hd__buf_6)
                  0.08    0.15    1.55 ^ _3848_/X (sky130_fd_sc_hd__buf_6)
    10    0.03                           _0505_ (net)
                  0.08    0.00    1.55 ^ _3870_/A (sky130_fd_sc_hd__buf_2)
                  0.15    0.21    1.76 ^ _3870_/X (sky130_fd_sc_hd__buf_2)
    10    0.03                           _0527_ (net)
                  0.15    0.00    1.76 ^ _3871_/A (sky130_fd_sc_hd__buf_2)
                  0.16    0.24    2.00 ^ _3871_/X (sky130_fd_sc_hd__buf_2)
    10    0.03                           _0528_ (net)
                  0.16    0.00    2.00 ^ _3872_/A (sky130_fd_sc_hd__clkbuf_4)
                  0.13    0.25    2.25 ^ _3872_/X (sky130_fd_sc_hd__clkbuf_4)
    10    0.04                           _0529_ (net)
                  0.13    0.00    2.25 ^ _3993_/A_N (sky130_fd_sc_hd__and4b_1)
                  0.06    0.24    2.49 v _3993_/X (sky130_fd_sc_hd__and4b_1)
     1    0.01                           _0638_ (net)
                  0.06    0.00    2.49 v _3996_/A (sky130_fd_sc_hd__or3_1)
                  0.10    0.43    2.92 v _3996_/X (sky130_fd_sc_hd__or3_1)
     1    0.01                           _0641_ (net)
                  0.10    0.00    2.92 v _3997_/B2 (sky130_fd_sc_hd__o22ai_4)
                  0.59    0.46    3.38 ^ _3997_/Y (sky130_fd_sc_hd__o22ai_4)
     8    0.08                           _0642_ (net)
                  0.59    0.02    3.40 ^ _3998_/A (sky130_fd_sc_hd__inv_2)
                  0.17    0.20    3.60 v _3998_/Y (sky130_fd_sc_hd__inv_2)
     4    0.03                           net243 (net)
                  0.17    0.00    3.60 v _5109_/A1 (sky130_fd_sc_hd__mux2_8)
                  0.09    0.41    4.02 v _5109_/X (sky130_fd_sc_hd__mux2_8)
     7    0.05                           _1562_ (net)
                  0.09    0.01    4.03 v _6044_/B (sky130_fd_sc_hd__nand2_1)
                  0.10    0.13    4.16 ^ _6044_/Y (sky130_fd_sc_hd__nand2_1)
     2    0.01                           _2385_ (net)
                  0.10    0.00    4.16 ^ _6247_/A (sky130_fd_sc_hd__and2_1)
                  0.17    0.23    4.39 ^ _6247_/X (sky130_fd_sc_hd__and2_1)
     5    0.02                           _2588_ (net)
                  0.17    0.00    4.39 ^ _6248_/B1 (sky130_fd_sc_hd__a21oi_1)
                  0.07    0.09    4.48 v _6248_/Y (sky130_fd_sc_hd__a21oi_1)
     2    0.01                           _2589_ (net)
                  0.07    0.00    4.48 v _6249_/B1 (sky130_fd_sc_hd__a21o_1)
                  0.07    0.21    4.69 v _6249_/X (sky130_fd_sc_hd__a21o_1)
     2    0.01                           _2590_ (net)
                  0.07    0.00    4.69 v _6251_/A2 (sky130_fd_sc_hd__a21oi_2)
                  0.20    0.24    4.92 ^ _6251_/Y (sky130_fd_sc_hd__a21oi_2)
     3    0.01                           _2592_ (net)
                  0.20    0.00    4.92 ^ _6253_/A2 (sky130_fd_sc_hd__o211ai_2)
                  0.11    0.14    5.06 v _6253_/Y (sky130_fd_sc_hd__o211ai_2)
     4    0.01                           _2594_ (net)
                  0.11    0.00    5.06 v _6257_/A3 (sky130_fd_sc_hd__a311o_2)
                  0.11    0.51    5.57 v _6257_/X (sky130_fd_sc_hd__a311o_2)
     5    0.03                           _2598_ (net)
                  0.11    0.00    5.57 v _6264_/A3 (sky130_fd_sc_hd__a311oi_4)
                  0.27    0.37    5.94 ^ _6264_/Y (sky130_fd_sc_hd__a311oi_4)
     2    0.01                           _2605_ (net)
                  0.27    0.00    5.94 ^ _6266_/A2 (sky130_fd_sc_hd__o211ai_2)
                  0.09    0.14    6.08 v _6266_/Y (sky130_fd_sc_hd__o211ai_2)
     3    0.01                           _2607_ (net)
                  0.09    0.00    6.08 v _6269_/A2 (sky130_fd_sc_hd__a21oi_1)
                  0.28    0.31    6.38 ^ _6269_/Y (sky130_fd_sc_hd__a21oi_1)
     3    0.01                           _2610_ (net)
                  0.28    0.00    6.38 ^ _6271_/A2 (sky130_fd_sc_hd__o21ai_2)
                  0.09    0.12    6.51 v _6271_/Y (sky130_fd_sc_hd__o21ai_2)
     3    0.01                           _2612_ (net)
                  0.09    0.00    6.51 v _6272_/A2 (sky130_fd_sc_hd__a21o_1)
                  0.06    0.23    6.73 v _6272_/X (sky130_fd_sc_hd__a21o_1)
     3    0.01                           _2613_ (net)
                  0.06    0.00    6.73 v _6353_/A2 (sky130_fd_sc_hd__a21oi_1)
                  0.17    0.20    6.93 ^ _6353_/Y (sky130_fd_sc_hd__a21oi_1)
     2    0.01                           _2694_ (net)
                  0.17    0.00    6.93 ^ _6658_/A2_N (sky130_fd_sc_hd__a2bb2o_1)
                  0.06    0.32    7.26 v _6658_/X (sky130_fd_sc_hd__a2bb2o_1)
     1    0.01                           _2998_ (net)
                  0.06    0.00    7.26 v _6667_/A2 (sky130_fd_sc_hd__a211o_4)
                  0.12    0.44    7.70 v _6667_/X (sky130_fd_sc_hd__a211o_4)
     6    0.05                           _3007_ (net)
                  0.12    0.01    7.71 v _7669_/B (sky130_fd_sc_hd__or4_1)
                  0.11    0.58    8.29 v _7669_/X (sky130_fd_sc_hd__or4_1)
     2    0.01                           _3777_ (net)
                  0.11    0.00    8.29 v _7678_/A (sky130_fd_sc_hd__or2_1)
                  0.06    0.28    8.57 v _7678_/X (sky130_fd_sc_hd__or2_1)
     2    0.01                           _3785_ (net)
                  0.06    0.00    8.57 v _7685_/A0 (sky130_fd_sc_hd__mux2_1)
                  0.09    0.35    8.92 v _7685_/X (sky130_fd_sc_hd__mux2_1)
     3    0.01                           _3791_ (net)
                  0.09    0.00    8.92 v _7686_/B (sky130_fd_sc_hd__xnor2_1)
                  0.06    0.16    9.08 v _7686_/Y (sky130_fd_sc_hd__xnor2_1)
     1    0.01                           _3792_ (net)
                  0.06    0.00    9.08 v _7687_/A0 (sky130_fd_sc_hd__mux2_1)
                  0.06    0.30    9.38 v _7687_/X (sky130_fd_sc_hd__mux2_1)
     1    0.00                           _3793_ (net)
                  0.06    0.00    9.38 v _7688_/A (sky130_fd_sc_hd__clkbuf_1)
                  0.03    0.10    9.48 v _7688_/X (sky130_fd_sc_hd__clkbuf_1)
     1    0.00                           _0469_ (net)
                  0.03    0.00    9.48 v _8239_/D (sky130_fd_sc_hd__dfxtp_1)
                                  9.48   data arrival time

                         10.00   10.00   clock i_clk (rise edge)
                          0.00   10.00   clock source latency
                  0.20    0.14   10.14 ^ i_clk (in)
     1    0.04                           i_clk (net)
                  0.20    0.00   10.14 ^ clkbuf_0_i_clk/A (sky130_fd_sc_hd__clkbuf_16)
                  0.05    0.17   10.31 ^ clkbuf_0_i_clk/X (sky130_fd_sc_hd__clkbuf_16)
     2    0.02                           clknet_0_i_clk (net)
                  0.05    0.00   10.31 ^ clkbuf_1_1_0_i_clk/A (sky130_fd_sc_hd__clkbuf_8)
                  0.06    0.13   10.44 ^ clkbuf_1_1_0_i_clk/X (sky130_fd_sc_hd__clkbuf_8)
     2    0.02                           clknet_1_1_0_i_clk (net)
                  0.06    0.00   10.44 ^ clkbuf_2_2_0_i_clk/A (sky130_fd_sc_hd__clkbuf_8)
                  0.05    0.13   10.56 ^ clkbuf_2_2_0_i_clk/X (sky130_fd_sc_hd__clkbuf_8)
     2    0.02                           clknet_2_2_0_i_clk (net)
                  0.05    0.00   10.57 ^ clkbuf_3_5_0_i_clk/A (sky130_fd_sc_hd__clkbuf_8)
                  0.27    0.28   10.84 ^ clkbuf_3_5_0_i_clk/X (sky130_fd_sc_hd__clkbuf_8)
    15    0.16                           clknet_3_5_0_i_clk (net)
                  0.27    0.01   10.85 ^ clkbuf_leaf_62_i_clk/A (sky130_fd_sc_hd__clkbuf_16)
                  0.05    0.19   11.04 ^ clkbuf_leaf_62_i_clk/X (sky130_fd_sc_hd__clkbuf_16)
     8    0.02                           clknet_leaf_62_i_clk (net)
                  0.05    0.00   11.05 ^ _8239_/CLK (sky130_fd_sc_hd__dfxtp_1)
                         -0.25   10.80   clock uncertainty
                          0.03   10.83   clock reconvergence pessimism
                         -0.10   10.72   library setup time
                                 10.72   data required time
-----------------------------------------------------------------------------
                                 10.72   data required time
                                 -9.48   data arrival time
-----------------------------------------------------------------------------
                                  1.24   slack (MET)


Startpoint: _7910_ (rising edge-triggered flip-flop clocked by i_clk)
Endpoint: _8022_ (rising edge-triggered flip-flop clocked by i_clk)
Path Group: i_clk
Path Type: max

Fanout     Cap    Slew   Delay    Time   Description
-----------------------------------------------------------------------------
                          0.00    0.00   clock i_clk (rise edge)
                          0.00    0.00   clock source latency
                  0.20    0.15    0.15 ^ i_clk (in)
     1    0.04                           i_clk (net)
                  0.20    0.00    0.15 ^ clkbuf_0_i_clk/A (sky130_fd_sc_hd__clkbuf_16)
                  0.05    0.19    0.34 ^ clkbuf_0_i_clk/X (sky130_fd_sc_hd__clkbuf_16)
     2    0.02                           clknet_0_i_clk (net)
                  0.05    0.00    0.34 ^ clkbuf_1_0_0_i_clk/A (sky130_fd_sc_hd__clkbuf_8)
                  0.06    0.15    0.48 ^ clkbuf_1_0_0_i_clk/X (sky130_fd_sc_hd__clkbuf_8)
     2    0.03                           clknet_1_0_0_i_clk (net)
                  0.06    0.00    0.49 ^ clkbuf_2_1_0_i_clk/A (sky130_fd_sc_hd__clkbuf_8)
                  0.05    0.14    0.63 ^ clkbuf_2_1_0_i_clk/X (sky130_fd_sc_hd__clkbuf_8)
     2    0.02                           clknet_2_1_0_i_clk (net)
                  0.05    0.00    0.63 ^ clkbuf_3_3_0_i_clk/A (sky130_fd_sc_hd__clkbuf_8)
                  0.16    0.23    0.86 ^ clkbuf_3_3_0_i_clk/X (sky130_fd_sc_hd__clkbuf_8)
     9    0.09                           clknet_3_3_0_i_clk (net)
                  0.16    0.00    0.86 ^ clkbuf_leaf_7_i_clk/A (sky130_fd_sc_hd__clkbuf_16)
                  0.04    0.17    1.04 ^ clkbuf_leaf_7_i_clk/X (sky130_fd_sc_hd__clkbuf_16)
     7    0.02                           clknet_leaf_7_i_clk (net)
                  0.04    0.00    1.04 ^ _7910_/CLK (sky130_fd_sc_hd__dfxtp_1)
                  0.05    0.33    1.36 v _7910_/Q (sky130_fd_sc_hd__dfxtp_1)
     3    0.01                           decode.oc_r_reg_sel[1] (net)
                  0.05    0.00    1.36 v _3850_/A (sky130_fd_sc_hd__buf_4)
                  0.05    0.17    1.53 v _3850_/X (sky130_fd_sc_hd__buf_4)
    10    0.03                           _0507_ (net)
                  0.05    0.00    1.54 v _3985_/D (sky130_fd_sc_hd__and4_1)
                  0.04    0.21    1.75 v _3985_/X (sky130_fd_sc_hd__and4_1)
     1    0.00                           _0631_ (net)
                  0.04    0.00    1.75 v _3988_/B1 (sky130_fd_sc_hd__a2111o_1)
                  0.09    0.44    2.19 v _3988_/X (sky130_fd_sc_hd__a2111o_1)
     1    0.01                           _0634_ (net)
                  0.09    0.00    2.19 v _3989_/A3 (sky130_fd_sc_hd__o32ai_4)
                  1.00    0.86    3.05 ^ _3989_/Y (sky130_fd_sc_hd__o32ai_4)
     8    0.10                           _0635_ (net)
                  1.00    0.02    3.08 ^ _3990_/A (sky130_fd_sc_hd__clkinv_4)
                  0.25    0.28    3.36 v _3990_/Y (sky130_fd_sc_hd__clkinv_4)
     4    0.05                           net244 (net)
                  0.25    0.00    3.36 v _5097_/A1 (sky130_fd_sc_hd__mux2_4)
                  0.08    0.40    3.76 v _5097_/X (sky130_fd_sc_hd__mux2_4)
     3    0.02                           _1550_ (net)
                  0.08    0.00    3.76 v _5098_/A (sky130_fd_sc_hd__buf_12)
                  0.03    0.15    3.91 v _5098_/X (sky130_fd_sc_hd__buf_12)
     6    0.03                           _1551_ (net)
                  0.03    0.00    3.91 v _5939_/A2 (sky130_fd_sc_hd__a22o_1)
                  0.06    0.25    4.16 v _5939_/X (sky130_fd_sc_hd__a22o_1)
     2    0.01                           _2280_ (net)
                  0.06    0.00    4.16 v _5945_/B (sky130_fd_sc_hd__and3_1)
                  0.04    0.18    4.35 v _5945_/X (sky130_fd_sc_hd__and3_1)
     2    0.00                           _2286_ (net)
                  0.04    0.00    4.35 v _5946_/B1_N (sky130_fd_sc_hd__o21bai_1)
                  0.09    0.18    4.53 v _5946_/Y (sky130_fd_sc_hd__o21bai_1)
     2    0.01                           _2287_ (net)
                  0.09    0.00    4.53 v _5948_/B (sky130_fd_sc_hd__and3_4)
                  0.05    0.21    4.74 v _5948_/X (sky130_fd_sc_hd__and3_4)
     4    0.01                           _2289_ (net)
                  0.05    0.00    4.74 v _5952_/A (sky130_fd_sc_hd__or3b_4)
                  0.08    0.44    5.17 v _5952_/X (sky130_fd_sc_hd__or3b_4)
     3    0.01                           _2293_ (net)
                  0.08    0.00    5.17 v _5986_/A (sky130_fd_sc_hd__nand2_2)
                  0.06    0.09    5.26 ^ _5986_/Y (sky130_fd_sc_hd__nand2_2)
     2    0.01                           _2327_ (net)
                  0.06    0.00    5.26 ^ _5993_/B (sky130_fd_sc_hd__xnor2_1)
                  0.08    0.09    5.35 v _5993_/Y (sky130_fd_sc_hd__xnor2_1)
     2    0.01                           _2334_ (net)
                  0.08    0.00    5.35 v _5994_/B (sky130_fd_sc_hd__or2_1)
                  0.09    0.28    5.63 v _5994_/X (sky130_fd_sc_hd__or2_1)
     2    0.01                           _2335_ (net)
                  0.09    0.00    5.63 v _5996_/A2 (sky130_fd_sc_hd__a211oi_4)
                  0.31    0.38    6.02 ^ _5996_/Y (sky130_fd_sc_hd__a211oi_4)
     4    0.02                           _2337_ (net)
                  0.31    0.00    6.02 ^ _6005_/A1 (sky130_fd_sc_hd__o211a_1)
                  0.13    0.29    6.31 ^ _6005_/X (sky130_fd_sc_hd__o211a_1)
     2    0.01                           _2346_ (net)
                  0.13    0.00    6.31 ^ _6111_/B1 (sky130_fd_sc_hd__a211oi_1)
                  0.09    0.09    6.39 v _6111_/Y (sky130_fd_sc_hd__a211oi_1)
     2    0.01                           _2452_ (net)
                  0.09    0.00    6.39 v _6113_/B1 (sky130_fd_sc_hd__a211o_1)
                  0.09    0.34    6.74 v _6113_/X (sky130_fd_sc_hd__a211o_1)
     3    0.01                           _2454_ (net)
                  0.09    0.00    6.74 v _6115_/A3 (sky130_fd_sc_hd__a311o_1)
                  0.11    0.45    7.19 v _6115_/X (sky130_fd_sc_hd__a311o_1)
     3    0.02                           _2456_ (net)
                  0.11    0.00    7.19 v _6121_/A3 (sky130_fd_sc_hd__a41o_1)
                  0.10    0.33    7.52 v _6121_/X (sky130_fd_sc_hd__a41o_1)
     4    0.02                           _2462_ (net)
                  0.10    0.00    7.53 v _6338_/A2 (sky130_fd_sc_hd__a211o_1)
                  0.06    0.34    7.87 v _6338_/X (sky130_fd_sc_hd__a211o_1)
     1    0.01                           _2679_ (net)
                  0.06    0.00    7.87 v _6339_/B1 (sky130_fd_sc_hd__o311a_4)
                  0.08    0.17    8.04 v _6339_/X (sky130_fd_sc_hd__o311a_4)
     2    0.03                           _2680_ (net)
                  0.08    0.00    8.05 v _6383_/B1 (sky130_fd_sc_hd__a211o_4)
                  0.09    0.39    8.43 v _6383_/X (sky130_fd_sc_hd__a211o_4)
     5    0.03                           _2724_ (net)
                  0.09    0.00    8.43 v _6829_/B1 (sky130_fd_sc_hd__a22o_4)
                  0.08    0.29    8.72 v _6829_/X (sky130_fd_sc_hd__a22o_4)
     3    0.04                           _3151_ (net)
                  0.08    0.01    8.73 v _6830_/B (sky130_fd_sc_hd__nand2_1)
                  0.05    0.09    8.82 ^ _6830_/Y (sky130_fd_sc_hd__nand2_1)
     1    0.00                           _3152_ (net)
                  0.05    0.00    8.82 ^ _6834_/A2 (sky130_fd_sc_hd__a31oi_1)
                  0.07    0.09    8.91 v _6834_/Y (sky130_fd_sc_hd__a31oi_1)
     1    0.00                           _3156_ (net)
                  0.07    0.00    8.91 v _6836_/A2 (sky130_fd_sc_hd__o211a_1)
                  0.04    0.22    9.13 v _6836_/X (sky130_fd_sc_hd__o211a_1)
     1    0.00                           _0253_ (net)
                  0.04    0.00    9.13 v _8022_/D (sky130_fd_sc_hd__dfxtp_4)
                                  9.13   data arrival time

                         10.00   10.00   clock i_clk (rise edge)
                          0.00   10.00   clock source latency
                  0.20    0.14   10.14 ^ i_clk (in)
     1    0.04                           i_clk (net)
                  0.20    0.00   10.14 ^ clkbuf_0_i_clk/A (sky130_fd_sc_hd__clkbuf_16)
                  0.05    0.17   10.31 ^ clkbuf_0_i_clk/X (sky130_fd_sc_hd__clkbuf_16)
     2    0.02                           clknet_0_i_clk (net)
                  0.05    0.00   10.31 ^ clkbuf_1_1_0_i_clk/A (sky130_fd_sc_hd__clkbuf_8)
                  0.06    0.13   10.44 ^ clkbuf_1_1_0_i_clk/X (sky130_fd_sc_hd__clkbuf_8)
     2    0.02                           clknet_1_1_0_i_clk (net)
                  0.06    0.00   10.44 ^ clkbuf_2_2_0_i_clk/A (sky130_fd_sc_hd__clkbuf_8)
                  0.05    0.13   10.56 ^ clkbuf_2_2_0_i_clk/X (sky130_fd_sc_hd__clkbuf_8)
     2    0.02                           clknet_2_2_0_i_clk (net)
                  0.05    0.00   10.57 ^ clkbuf_3_4_0_i_clk/A (sky130_fd_sc_hd__clkbuf_8)
                  0.19    0.22   10.79 ^ clkbuf_3_4_0_i_clk/X (sky130_fd_sc_hd__clkbuf_8)
    10    0.11                           clknet_3_4_0_i_clk (net)
                  0.19    0.00   10.79 ^ clkbuf_leaf_57_i_clk/A (sky130_fd_sc_hd__clkbuf_16)
                  0.05    0.17   10.96 ^ clkbuf_leaf_57_i_clk/X (sky130_fd_sc_hd__clkbuf_16)
     7    0.02                           clknet_leaf_57_i_clk (net)
                  0.05    0.00   10.96 ^ _8022_/CLK (sky130_fd_sc_hd__dfxtp_4)
                         -0.25   10.71   clock uncertainty
                          0.03   10.74   clock reconvergence pessimism
                         -0.11   10.63   library setup time
                                 10.63   data required time
-----------------------------------------------------------------------------
                                 10.63   data required time
                                 -9.13   data arrival time
-----------------------------------------------------------------------------
                                  1.50   slack (MET)


