
===========================================================================
report_checks -path_delay max (Setup)
============================================================================
Startpoint: _7910_ (rising edge-triggered flip-flop clocked by i_clk)
Endpoint: _8240_ (rising edge-triggered flip-flop clocked by i_clk)
Path Group: i_clk
Path Type: max

Fanout     Cap    Slew   Delay    Time   Description
-----------------------------------------------------------------------------
                          0.00    0.00   clock i_clk (rise edge)
                          0.00    0.00   clock source latency
                  0.20    0.15    0.15 ^ i_clk (in)
     1    0.04                           i_clk (net)
                  0.20    0.00    0.15 ^ clkbuf_0_i_clk/A (sky130_fd_sc_hd__clkbuf_16)
                  0.05    0.19    0.34 ^ clkbuf_0_i_clk/X (sky130_fd_sc_hd__clkbuf_16)
     2    0.02                           clknet_0_i_clk (net)
                  0.05    0.00    0.34 ^ clkbuf_1_0_0_i_clk/A (sky130_fd_sc_hd__clkbuf_8)
                  0.06    0.14    0.48 ^ clkbuf_1_0_0_i_clk/X (sky130_fd_sc_hd__clkbuf_8)
     2    0.02                           clknet_1_0_0_i_clk (net)
                  0.06    0.00    0.48 ^ clkbuf_2_1_0_i_clk/A (sky130_fd_sc_hd__clkbuf_8)
                  0.05    0.14    0.62 ^ clkbuf_2_1_0_i_clk/X (sky130_fd_sc_hd__clkbuf_8)
     2    0.02                           clknet_2_1_0_i_clk (net)
                  0.05    0.00    0.63 ^ clkbuf_3_3_0_i_clk/A (sky130_fd_sc_hd__clkbuf_8)
                  0.16    0.23    0.86 ^ clkbuf_3_3_0_i_clk/X (sky130_fd_sc_hd__clkbuf_8)
     9    0.09                           clknet_3_3_0_i_clk (net)
                  0.16    0.00    0.86 ^ clkbuf_leaf_7_i_clk/A (sky130_fd_sc_hd__clkbuf_16)
                  0.04    0.17    1.03 ^ clkbuf_leaf_7_i_clk/X (sky130_fd_sc_hd__clkbuf_16)
     7    0.02                           clknet_leaf_7_i_clk (net)
                  0.04    0.00    1.03 ^ _7910_/CLK (sky130_fd_sc_hd__dfxtp_1)
                  0.06    0.34    1.37 v _7910_/Q (sky130_fd_sc_hd__dfxtp_1)
     3    0.01                           decode.oc_r_reg_sel[1] (net)
                  0.06    0.00    1.37 v _3850_/A (sky130_fd_sc_hd__buf_6)
                  0.04    0.15    1.52 v _3850_/X (sky130_fd_sc_hd__buf_6)
    10    0.03                           _0507_ (net)
                  0.04    0.00    1.52 v _3873_/A (sky130_fd_sc_hd__buf_2)
                  0.07    0.17    1.69 v _3873_/X (sky130_fd_sc_hd__buf_2)
    10    0.03                           _0530_ (net)
                  0.07    0.00    1.69 v _3874_/A (sky130_fd_sc_hd__buf_2)
                  0.08    0.20    1.89 v _3874_/X (sky130_fd_sc_hd__buf_2)
    10    0.03                           _0531_ (net)
                  0.08    0.00    1.89 v _3875_/A (sky130_fd_sc_hd__buf_4)
                  0.06    0.20    2.09 v _3875_/X (sky130_fd_sc_hd__buf_4)
    10    0.04                           _0532_ (net)
                  0.06    0.00    2.10 v _3993_/B (sky130_fd_sc_hd__and4b_1)
                  0.06    0.21    2.30 v _3993_/X (sky130_fd_sc_hd__and4b_1)
     1    0.01                           _0638_ (net)
                  0.06    0.00    2.30 v _3996_/A (sky130_fd_sc_hd__or3_1)
                  0.10    0.43    2.73 v _3996_/X (sky130_fd_sc_hd__or3_1)
     1    0.01                           _0641_ (net)
                  0.10    0.00    2.73 v _3997_/B2 (sky130_fd_sc_hd__o22ai_4)
                  0.60    0.47    3.20 ^ _3997_/Y (sky130_fd_sc_hd__o22ai_4)
     8    0.08                           _0642_ (net)
                  0.60    0.02    3.22 ^ _3998_/A (sky130_fd_sc_hd__inv_4)
                  0.13    0.13    3.35 v _3998_/Y (sky130_fd_sc_hd__inv_4)
     4    0.03                           net243 (net)
                  0.13    0.00    3.35 v _5109_/A1 (sky130_fd_sc_hd__mux2_8)
                  0.09    0.40    3.75 v _5109_/X (sky130_fd_sc_hd__mux2_8)
     7    0.05                           _1562_ (net)
                  0.09    0.00    3.76 v _6044_/B (sky130_fd_sc_hd__nand2_2)
                  0.08    0.11    3.87 ^ _6044_/Y (sky130_fd_sc_hd__nand2_2)
     2    0.01                           _2385_ (net)
                  0.08    0.00    3.87 ^ _6247_/A (sky130_fd_sc_hd__and2_4)
                  0.06    0.17    4.04 ^ _6247_/X (sky130_fd_sc_hd__and2_4)
     5    0.02                           _2588_ (net)
                  0.06    0.00    4.04 ^ _6248_/B1 (sky130_fd_sc_hd__a21oi_1)
                  0.07    0.06    4.10 v _6248_/Y (sky130_fd_sc_hd__a21oi_1)
     2    0.01                           _2589_ (net)
                  0.07    0.00    4.10 v _6249_/B1 (sky130_fd_sc_hd__a21o_1)
                  0.07    0.21    4.31 v _6249_/X (sky130_fd_sc_hd__a21o_1)
     2    0.01                           _2590_ (net)
                  0.07    0.00    4.31 v _6251_/A2 (sky130_fd_sc_hd__a21oi_2)
                  0.20    0.24    4.55 ^ _6251_/Y (sky130_fd_sc_hd__a21oi_2)
     3    0.01                           _2592_ (net)
                  0.20    0.00    4.55 ^ _6253_/A2 (sky130_fd_sc_hd__o211ai_2)
                  0.11    0.14    4.69 v _6253_/Y (sky130_fd_sc_hd__o211ai_2)
     4    0.01                           _2594_ (net)
                  0.11    0.00    4.69 v _6257_/A3 (sky130_fd_sc_hd__a311o_2)
                  0.11    0.51    5.19 v _6257_/X (sky130_fd_sc_hd__a311o_2)
     5    0.03                           _2598_ (net)
                  0.11    0.00    5.20 v _6264_/A3 (sky130_fd_sc_hd__a311oi_4)
                  0.27    0.37    5.57 ^ _6264_/Y (sky130_fd_sc_hd__a311oi_4)
     2    0.01                           _2605_ (net)
                  0.27    0.00    5.57 ^ _6266_/A2 (sky130_fd_sc_hd__o211ai_2)
                  0.11    0.15    5.71 v _6266_/Y (sky130_fd_sc_hd__o211ai_2)
     3    0.01                           _2607_ (net)
                  0.11    0.00    5.71 v _6269_/A2 (sky130_fd_sc_hd__a21oi_2)
                  0.18    0.24    5.95 ^ _6269_/Y (sky130_fd_sc_hd__a21oi_2)
     3    0.01                           _2610_ (net)
                  0.18    0.00    5.95 ^ _6271_/A2 (sky130_fd_sc_hd__o21ai_2)
                  0.09    0.11    6.06 v _6271_/Y (sky130_fd_sc_hd__o21ai_2)
     3    0.01                           _2612_ (net)
                  0.09    0.00    6.06 v _6272_/A2 (sky130_fd_sc_hd__a21o_1)
                  0.07    0.24    6.29 v _6272_/X (sky130_fd_sc_hd__a21o_1)
     3    0.01                           _2613_ (net)
                  0.07    0.00    6.29 v _6353_/A2 (sky130_fd_sc_hd__a21oi_2)
                  0.11    0.16    6.46 ^ _6353_/Y (sky130_fd_sc_hd__a21oi_2)
     2    0.01                           _2694_ (net)
                  0.11    0.00    6.46 ^ _6658_/A2_N (sky130_fd_sc_hd__a2bb2o_1)
                  0.06    0.32    6.78 v _6658_/X (sky130_fd_sc_hd__a2bb2o_1)
     1    0.01                           _2998_ (net)
                  0.06    0.00    6.78 v _6667_/A2 (sky130_fd_sc_hd__a211o_4)
                  0.12    0.44    7.22 v _6667_/X (sky130_fd_sc_hd__a211o_4)
     6    0.05                           _3007_ (net)
                  0.12    0.00    7.22 v _7669_/B (sky130_fd_sc_hd__or4_1)
                  0.11    0.58    7.80 v _7669_/X (sky130_fd_sc_hd__or4_1)
     2    0.01                           _3777_ (net)
                  0.11    0.00    7.80 v _7678_/A (sky130_fd_sc_hd__or2_1)
                  0.06    0.28    8.08 v _7678_/X (sky130_fd_sc_hd__or2_1)
     2    0.01                           _3785_ (net)
                  0.06    0.00    8.08 v _7685_/A0 (sky130_fd_sc_hd__mux2_1)
                  0.09    0.35    8.43 v _7685_/X (sky130_fd_sc_hd__mux2_1)
     3    0.01                           _3791_ (net)
                  0.09    0.00    8.43 v _7692_/B1 (sky130_fd_sc_hd__a21o_1)
                  0.05    0.19    8.62 v _7692_/X (sky130_fd_sc_hd__a21o_1)
     1    0.01                           _3797_ (net)
                  0.05    0.00    8.62 v _7693_/B (sky130_fd_sc_hd__xnor2_1)
                  0.05    0.12    8.74 v _7693_/Y (sky130_fd_sc_hd__xnor2_1)
     1    0.00                           _3798_ (net)
                  0.05    0.00    8.74 v _7694_/A0 (sky130_fd_sc_hd__mux2_1)
                  0.05    0.29    9.03 v _7694_/X (sky130_fd_sc_hd__mux2_1)
     1    0.00                           _3799_ (net)
                  0.05    0.00    9.03 v _7695_/A (sky130_fd_sc_hd__clkbuf_1)
                  0.03    0.09    9.13 v _7695_/X (sky130_fd_sc_hd__clkbuf_1)
     1    0.00                           _0470_ (net)
                  0.03    0.00    9.13 v _8240_/D (sky130_fd_sc_hd__dfxtp_1)
                                  9.13   data arrival time

                         10.00   10.00   clock i_clk (rise edge)
                          0.00   10.00   clock source latency
                  0.20    0.14   10.14 ^ i_clk (in)
     1    0.04                           i_clk (net)
                  0.20    0.00   10.14 ^ clkbuf_0_i_clk/A (sky130_fd_sc_hd__clkbuf_16)
                  0.05    0.17   10.31 ^ clkbuf_0_i_clk/X (sky130_fd_sc_hd__clkbuf_16)
     2    0.02                           clknet_0_i_clk (net)
                  0.05    0.00   10.31 ^ clkbuf_1_1_0_i_clk/A (sky130_fd_sc_hd__clkbuf_8)
                  0.06    0.13   10.44 ^ clkbuf_1_1_0_i_clk/X (sky130_fd_sc_hd__clkbuf_8)
     2    0.02                           clknet_1_1_0_i_clk (net)
                  0.06    0.00   10.44 ^ clkbuf_2_2_0_i_clk/A (sky130_fd_sc_hd__clkbuf_8)
                  0.05    0.13   10.56 ^ clkbuf_2_2_0_i_clk/X (sky130_fd_sc_hd__clkbuf_8)
     2    0.02                           clknet_2_2_0_i_clk (net)
                  0.05    0.00   10.57 ^ clkbuf_3_5_0_i_clk/A (sky130_fd_sc_hd__clkbuf_8)
                  0.27    0.28   10.84 ^ clkbuf_3_5_0_i_clk/X (sky130_fd_sc_hd__clkbuf_8)
    15    0.16                           clknet_3_5_0_i_clk (net)
                  0.27    0.01   10.85 ^ clkbuf_leaf_62_i_clk/A (sky130_fd_sc_hd__clkbuf_16)
                  0.05    0.19   11.04 ^ clkbuf_leaf_62_i_clk/X (sky130_fd_sc_hd__clkbuf_16)
     8    0.02                           clknet_leaf_62_i_clk (net)
                  0.05    0.00   11.05 ^ _8240_/CLK (sky130_fd_sc_hd__dfxtp_1)
                         -0.25   10.80   clock uncertainty
                          0.03   10.83   clock reconvergence pessimism
                         -0.10   10.73   library setup time
                                 10.73   data required time
-----------------------------------------------------------------------------
                                 10.73   data required time
                                 -9.13   data arrival time
-----------------------------------------------------------------------------
                                  1.60   slack (MET)


Startpoint: _7921_ (rising edge-triggered flip-flop clocked by i_clk)
Endpoint: _8232_ (rising edge-triggered flip-flop clocked by i_clk)
Path Group: i_clk
Path Type: max

Fanout     Cap    Slew   Delay    Time   Description
-----------------------------------------------------------------------------
                          0.00    0.00   clock i_clk (rise edge)
                          0.00    0.00   clock source latency
                  0.20    0.15    0.15 ^ i_clk (in)
     1    0.04                           i_clk (net)
                  0.20    0.00    0.15 ^ clkbuf_0_i_clk/A (sky130_fd_sc_hd__clkbuf_16)
                  0.05    0.19    0.34 ^ clkbuf_0_i_clk/X (sky130_fd_sc_hd__clkbuf_16)
     2    0.02                           clknet_0_i_clk (net)
                  0.05    0.00    0.34 ^ clkbuf_1_0_0_i_clk/A (sky130_fd_sc_hd__clkbuf_8)
                  0.06    0.14    0.48 ^ clkbuf_1_0_0_i_clk/X (sky130_fd_sc_hd__clkbuf_8)
     2    0.02                           clknet_1_0_0_i_clk (net)
                  0.06    0.00    0.48 ^ clkbuf_2_1_0_i_clk/A (sky130_fd_sc_hd__clkbuf_8)
                  0.05    0.14    0.62 ^ clkbuf_2_1_0_i_clk/X (sky130_fd_sc_hd__clkbuf_8)
     2    0.02                           clknet_2_1_0_i_clk (net)
                  0.05    0.00    0.63 ^ clkbuf_3_2_0_i_clk/A (sky130_fd_sc_hd__clkbuf_8)
                  0.16    0.23    0.85 ^ clkbuf_3_2_0_i_clk/X (sky130_fd_sc_hd__clkbuf_8)
     8    0.09                           clknet_3_2_0_i_clk (net)
                  0.16    0.00    0.85 ^ clkbuf_leaf_0_i_clk/A (sky130_fd_sc_hd__clkbuf_16)
                  0.04    0.17    1.03 ^ clkbuf_leaf_0_i_clk/X (sky130_fd_sc_hd__clkbuf_16)
     6    0.02                           clknet_leaf_0_i_clk (net)
                  0.04    0.00    1.03 ^ _7921_/CLK (sky130_fd_sc_hd__dfxtp_4)
                  0.07    0.38    1.41 ^ _7921_/Q (sky130_fd_sc_hd__dfxtp_4)
     4    0.02                           decode.oc_l_reg_sel[1] (net)
                  0.07    0.00    1.41 ^ _4070_/A (sky130_fd_sc_hd__buf_8)
                  0.09    0.15    1.56 ^ _4070_/X (sky130_fd_sc_hd__buf_8)
    10    0.05                           _0711_ (net)
                  0.09    0.00    1.56 ^ _4071_/A (sky130_fd_sc_hd__buf_6)
                  0.08    0.14    1.70 ^ _4071_/X (sky130_fd_sc_hd__buf_6)
    10    0.03                           _0712_ (net)
                  0.08    0.00    1.70 ^ _5018_/A_N (sky130_fd_sc_hd__and3b_1)
                  0.05    0.20    1.90 v _5018_/X (sky130_fd_sc_hd__and3b_1)
     2    0.01                           _1475_ (net)
                  0.05    0.00    1.90 v _5021_/A1 (sky130_fd_sc_hd__o31a_2)
                  0.09    0.41    2.32 v _5021_/X (sky130_fd_sc_hd__o31a_2)
     2    0.02                           _1478_ (net)
                  0.09    0.00    2.32 v _5022_/C1 (sky130_fd_sc_hd__a211oi_4)
                  0.54    0.48    2.80 ^ _5022_/Y (sky130_fd_sc_hd__a211oi_4)
     6    0.05                           _1479_ (net)
                  0.54    0.01    2.80 ^ _5900_/B1 (sky130_fd_sc_hd__a21oi_2)
                  0.14    0.13    2.94 v _5900_/Y (sky130_fd_sc_hd__a21oi_2)
     5    0.02                           _2241_ (net)
                  0.14    0.00    2.94 v _5901_/C (sky130_fd_sc_hd__and3_4)
                  0.04    0.23    3.17 v _5901_/X (sky130_fd_sc_hd__and3_4)
     2    0.01                           _2242_ (net)
                  0.04    0.00    3.17 v _5937_/C (sky130_fd_sc_hd__or4b_4)
                  0.09    0.52    3.69 v _5937_/X (sky130_fd_sc_hd__or4b_4)
     2    0.01                           _2278_ (net)
                  0.09    0.00    3.69 v _5945_/A (sky130_fd_sc_hd__and3_4)
                  0.04    0.18    3.87 v _5945_/X (sky130_fd_sc_hd__and3_4)
     2    0.01                           _2286_ (net)
                  0.04    0.00    3.87 v _5946_/B1_N (sky130_fd_sc_hd__o21bai_4)
                  0.06    0.17    4.04 v _5946_/Y (sky130_fd_sc_hd__o21bai_4)
     2    0.01                           _2287_ (net)
                  0.06    0.00    4.04 v _5948_/B (sky130_fd_sc_hd__and3_4)
                  0.05    0.20    4.24 v _5948_/X (sky130_fd_sc_hd__and3_4)
     4    0.01                           _2289_ (net)
                  0.05    0.00    4.24 v _5952_/A (sky130_fd_sc_hd__or3b_4)
                  0.09    0.45    4.69 v _5952_/X (sky130_fd_sc_hd__or3b_4)
     3    0.02                           _2293_ (net)
                  0.09    0.00    4.69 v _5986_/A (sky130_fd_sc_hd__nand2_4)
                  0.06    0.09    4.78 ^ _5986_/Y (sky130_fd_sc_hd__nand2_4)
     2    0.01                           _2327_ (net)
                  0.06    0.00    4.78 ^ _5993_/B (sky130_fd_sc_hd__xnor2_2)
                  0.07    0.08    4.85 v _5993_/Y (sky130_fd_sc_hd__xnor2_2)
     2    0.01                           _2334_ (net)
                  0.07    0.00    4.85 v _5994_/B (sky130_fd_sc_hd__or2_4)
                  0.06    0.26    5.12 v _5994_/X (sky130_fd_sc_hd__or2_4)
     2    0.01                           _2335_ (net)
                  0.06    0.00    5.12 v _5996_/A2 (sky130_fd_sc_hd__a211oi_4)
                  0.31    0.37    5.49 ^ _5996_/Y (sky130_fd_sc_hd__a211oi_4)
     4    0.02                           _2337_ (net)
                  0.31    0.00    5.49 ^ _6005_/A1 (sky130_fd_sc_hd__o211a_1)
                  0.15    0.30    5.79 ^ _6005_/X (sky130_fd_sc_hd__o211a_1)
     2    0.02                           _2346_ (net)
                  0.15    0.00    5.79 ^ _6111_/B1 (sky130_fd_sc_hd__a211oi_2)
                  0.08    0.07    5.86 v _6111_/Y (sky130_fd_sc_hd__a211oi_2)
     2    0.01                           _2452_ (net)
                  0.08    0.00    5.86 v _6113_/B1 (sky130_fd_sc_hd__a211o_1)
                  0.09    0.34    6.20 v _6113_/X (sky130_fd_sc_hd__a211o_1)
     3    0.01                           _2454_ (net)
                  0.09    0.00    6.20 v _6115_/A3 (sky130_fd_sc_hd__a311o_1)
                  0.11    0.45    6.66 v _6115_/X (sky130_fd_sc_hd__a311o_1)
     3    0.02                           _2456_ (net)
                  0.11    0.00    6.66 v _6121_/A3 (sky130_fd_sc_hd__a41o_1)
                  0.11    0.34    7.00 v _6121_/X (sky130_fd_sc_hd__a41o_1)
     4    0.02                           _2462_ (net)
                  0.11    0.00    7.00 v _6338_/A2 (sky130_fd_sc_hd__a211o_1)
                  0.06    0.35    7.35 v _6338_/X (sky130_fd_sc_hd__a211o_1)
     1    0.01                           _2679_ (net)
                  0.06    0.00    7.35 v _6339_/B1 (sky130_fd_sc_hd__o311a_4)
                  0.08    0.17    7.52 v _6339_/X (sky130_fd_sc_hd__o311a_4)
     2    0.03                           _2680_ (net)
                  0.08    0.00    7.52 v _6383_/B1 (sky130_fd_sc_hd__a211o_4)
                  0.09    0.39    7.91 v _6383_/X (sky130_fd_sc_hd__a211o_4)
     5    0.03                           _2724_ (net)
                  0.09    0.00    7.91 v _6829_/B1 (sky130_fd_sc_hd__a22o_4)
                  0.09    0.30    8.21 v _6829_/X (sky130_fd_sc_hd__a22o_4)
     3    0.04                           _3151_ (net)
                  0.09    0.01    8.21 v _7644_/B2 (sky130_fd_sc_hd__a2bb2o_4)
                  0.03    0.22    8.43 v _7644_/X (sky130_fd_sc_hd__a2bb2o_4)
     1    0.00                           _3756_ (net)
                  0.03    0.00    8.43 v _7645_/A1 (sky130_fd_sc_hd__mux2_4)
                  0.06    0.28    8.71 v _7645_/X (sky130_fd_sc_hd__mux2_4)
     1    0.01                           _3757_ (net)
                  0.06    0.00    8.71 v _7646_/A0 (sky130_fd_sc_hd__mux2_1)
                  0.05    0.29    9.01 v _7646_/X (sky130_fd_sc_hd__mux2_1)
     1    0.00                           _3758_ (net)
                  0.05    0.00    9.01 v _7647_/A (sky130_fd_sc_hd__clkbuf_1)
                  0.03    0.10    9.11 v _7647_/X (sky130_fd_sc_hd__clkbuf_1)
     1    0.00                           _0462_ (net)
                  0.03    0.00    9.11 v _8232_/D (sky130_fd_sc_hd__dfxtp_1)
                                  9.11   data arrival time

                         10.00   10.00   clock i_clk (rise edge)
                          0.00   10.00   clock source latency
                  0.20    0.14   10.14 ^ i_clk (in)
     1    0.04                           i_clk (net)
                  0.20    0.00   10.14 ^ clkbuf_0_i_clk/A (sky130_fd_sc_hd__clkbuf_16)
                  0.05    0.17   10.31 ^ clkbuf_0_i_clk/X (sky130_fd_sc_hd__clkbuf_16)
     2    0.02                           clknet_0_i_clk (net)
                  0.05    0.00   10.31 ^ clkbuf_1_1_0_i_clk/A (sky130_fd_sc_hd__clkbuf_8)
                  0.06    0.13   10.44 ^ clkbuf_1_1_0_i_clk/X (sky130_fd_sc_hd__clkbuf_8)
     2    0.02                           clknet_1_1_0_i_clk (net)
                  0.06    0.00   10.44 ^ clkbuf_2_2_0_i_clk/A (sky130_fd_sc_hd__clkbuf_8)
                  0.05    0.13   10.56 ^ clkbuf_2_2_0_i_clk/X (sky130_fd_sc_hd__clkbuf_8)
     2    0.02                           clknet_2_2_0_i_clk (net)
                  0.05    0.00   10.57 ^ clkbuf_3_5_0_i_clk/A (sky130_fd_sc_hd__clkbuf_8)
                  0.27    0.28   10.84 ^ clkbuf_3_5_0_i_clk/X (sky130_fd_sc_hd__clkbuf_8)
    15    0.16                           clknet_3_5_0_i_clk (net)
                  0.27    0.00   10.85 ^ clkbuf_leaf_58_i_clk/A (sky130_fd_sc_hd__clkbuf_16)
                  0.04    0.19   11.03 ^ clkbuf_leaf_58_i_clk/X (sky130_fd_sc_hd__clkbuf_16)
     6    0.02                           clknet_leaf_58_i_clk (net)
                  0.04    0.00   11.03 ^ _8232_/CLK (sky130_fd_sc_hd__dfxtp_1)
                         -0.25   10.78   clock uncertainty
                          0.03   10.82   clock reconvergence pessimism
                         -0.10   10.71   library setup time
                                 10.71   data required time
-----------------------------------------------------------------------------
                                 10.71   data required time
                                 -9.11   data arrival time
-----------------------------------------------------------------------------
                                  1.60   slack (MET)


Startpoint: _7910_ (rising edge-triggered flip-flop clocked by i_clk)
Endpoint: _8241_ (rising edge-triggered flip-flop clocked by i_clk)
Path Group: i_clk
Path Type: max

Fanout     Cap    Slew   Delay    Time   Description
-----------------------------------------------------------------------------
                          0.00    0.00   clock i_clk (rise edge)
                          0.00    0.00   clock source latency
                  0.20    0.15    0.15 ^ i_clk (in)
     1    0.04                           i_clk (net)
                  0.20    0.00    0.15 ^ clkbuf_0_i_clk/A (sky130_fd_sc_hd__clkbuf_16)
                  0.05    0.19    0.34 ^ clkbuf_0_i_clk/X (sky130_fd_sc_hd__clkbuf_16)
     2    0.02                           clknet_0_i_clk (net)
                  0.05    0.00    0.34 ^ clkbuf_1_0_0_i_clk/A (sky130_fd_sc_hd__clkbuf_8)
                  0.06    0.14    0.48 ^ clkbuf_1_0_0_i_clk/X (sky130_fd_sc_hd__clkbuf_8)
     2    0.02                           clknet_1_0_0_i_clk (net)
                  0.06    0.00    0.48 ^ clkbuf_2_1_0_i_clk/A (sky130_fd_sc_hd__clkbuf_8)
                  0.05    0.14    0.62 ^ clkbuf_2_1_0_i_clk/X (sky130_fd_sc_hd__clkbuf_8)
     2    0.02                           clknet_2_1_0_i_clk (net)
                  0.05    0.00    0.63 ^ clkbuf_3_3_0_i_clk/A (sky130_fd_sc_hd__clkbuf_8)
                  0.16    0.23    0.86 ^ clkbuf_3_3_0_i_clk/X (sky130_fd_sc_hd__clkbuf_8)
     9    0.09                           clknet_3_3_0_i_clk (net)
                  0.16    0.00    0.86 ^ clkbuf_leaf_7_i_clk/A (sky130_fd_sc_hd__clkbuf_16)
                  0.04    0.17    1.03 ^ clkbuf_leaf_7_i_clk/X (sky130_fd_sc_hd__clkbuf_16)
     7    0.02                           clknet_leaf_7_i_clk (net)
                  0.04    0.00    1.03 ^ _7910_/CLK (sky130_fd_sc_hd__dfxtp_1)
                  0.06    0.34    1.37 v _7910_/Q (sky130_fd_sc_hd__dfxtp_1)
     3    0.01                           decode.oc_r_reg_sel[1] (net)
                  0.06    0.00    1.37 v _3850_/A (sky130_fd_sc_hd__buf_6)
                  0.04    0.15    1.52 v _3850_/X (sky130_fd_sc_hd__buf_6)
    10    0.03                           _0507_ (net)
                  0.04    0.00    1.52 v _3873_/A (sky130_fd_sc_hd__buf_2)
                  0.07    0.17    1.69 v _3873_/X (sky130_fd_sc_hd__buf_2)
    10    0.03                           _0530_ (net)
                  0.07    0.00    1.69 v _3874_/A (sky130_fd_sc_hd__buf_2)
                  0.08    0.20    1.89 v _3874_/X (sky130_fd_sc_hd__buf_2)
    10    0.03                           _0531_ (net)
                  0.08    0.00    1.89 v _3875_/A (sky130_fd_sc_hd__buf_4)
                  0.06    0.20    2.09 v _3875_/X (sky130_fd_sc_hd__buf_4)
    10    0.04                           _0532_ (net)
                  0.06    0.00    2.10 v _3993_/B (sky130_fd_sc_hd__and4b_1)
                  0.06    0.21    2.30 v _3993_/X (sky130_fd_sc_hd__and4b_1)
     1    0.01                           _0638_ (net)
                  0.06    0.00    2.30 v _3996_/A (sky130_fd_sc_hd__or3_1)
                  0.10    0.43    2.73 v _3996_/X (sky130_fd_sc_hd__or3_1)
     1    0.01                           _0641_ (net)
                  0.10    0.00    2.73 v _3997_/B2 (sky130_fd_sc_hd__o22ai_4)
                  0.60    0.47    3.20 ^ _3997_/Y (sky130_fd_sc_hd__o22ai_4)
     8    0.08                           _0642_ (net)
                  0.60    0.02    3.22 ^ _3998_/A (sky130_fd_sc_hd__inv_4)
                  0.13    0.13    3.35 v _3998_/Y (sky130_fd_sc_hd__inv_4)
     4    0.03                           net243 (net)
                  0.13    0.00    3.35 v _5109_/A1 (sky130_fd_sc_hd__mux2_8)
                  0.09    0.40    3.75 v _5109_/X (sky130_fd_sc_hd__mux2_8)
     7    0.05                           _1562_ (net)
                  0.09    0.00    3.76 v _6044_/B (sky130_fd_sc_hd__nand2_2)
                  0.08    0.11    3.87 ^ _6044_/Y (sky130_fd_sc_hd__nand2_2)
     2    0.01                           _2385_ (net)
                  0.08    0.00    3.87 ^ _6247_/A (sky130_fd_sc_hd__and2_4)
                  0.06    0.17    4.04 ^ _6247_/X (sky130_fd_sc_hd__and2_4)
     5    0.02                           _2588_ (net)
                  0.06    0.00    4.04 ^ _6248_/B1 (sky130_fd_sc_hd__a21oi_1)
                  0.07    0.06    4.10 v _6248_/Y (sky130_fd_sc_hd__a21oi_1)
     2    0.01                           _2589_ (net)
                  0.07    0.00    4.10 v _6249_/B1 (sky130_fd_sc_hd__a21o_1)
                  0.07    0.21    4.31 v _6249_/X (sky130_fd_sc_hd__a21o_1)
     2    0.01                           _2590_ (net)
                  0.07    0.00    4.31 v _6251_/A2 (sky130_fd_sc_hd__a21oi_2)
                  0.20    0.24    4.55 ^ _6251_/Y (sky130_fd_sc_hd__a21oi_2)
     3    0.01                           _2592_ (net)
                  0.20    0.00    4.55 ^ _6253_/A2 (sky130_fd_sc_hd__o211ai_2)
                  0.11    0.14    4.69 v _6253_/Y (sky130_fd_sc_hd__o211ai_2)
     4    0.01                           _2594_ (net)
                  0.11    0.00    4.69 v _6257_/A3 (sky130_fd_sc_hd__a311o_2)
                  0.11    0.51    5.19 v _6257_/X (sky130_fd_sc_hd__a311o_2)
     5    0.03                           _2598_ (net)
                  0.11    0.00    5.20 v _6264_/A3 (sky130_fd_sc_hd__a311oi_4)
                  0.27    0.37    5.57 ^ _6264_/Y (sky130_fd_sc_hd__a311oi_4)
     2    0.01                           _2605_ (net)
                  0.27    0.00    5.57 ^ _6266_/A2 (sky130_fd_sc_hd__o211ai_2)
                  0.11    0.15    5.71 v _6266_/Y (sky130_fd_sc_hd__o211ai_2)
     3    0.01                           _2607_ (net)
                  0.11    0.00    5.71 v _6269_/A2 (sky130_fd_sc_hd__a21oi_2)
                  0.18    0.24    5.95 ^ _6269_/Y (sky130_fd_sc_hd__a21oi_2)
     3    0.01                           _2610_ (net)
                  0.18    0.00    5.95 ^ _6271_/A2 (sky130_fd_sc_hd__o21ai_2)
                  0.09    0.11    6.06 v _6271_/Y (sky130_fd_sc_hd__o21ai_2)
     3    0.01                           _2612_ (net)
                  0.09    0.00    6.06 v _6272_/A2 (sky130_fd_sc_hd__a21o_1)
                  0.07    0.24    6.29 v _6272_/X (sky130_fd_sc_hd__a21o_1)
     3    0.01                           _2613_ (net)
                  0.07    0.00    6.29 v _6353_/A2 (sky130_fd_sc_hd__a21oi_2)
                  0.11    0.16    6.46 ^ _6353_/Y (sky130_fd_sc_hd__a21oi_2)
     2    0.01                           _2694_ (net)
                  0.11    0.00    6.46 ^ _6658_/A2_N (sky130_fd_sc_hd__a2bb2o_1)
                  0.06    0.32    6.78 v _6658_/X (sky130_fd_sc_hd__a2bb2o_1)
     1    0.01                           _2998_ (net)
                  0.06    0.00    6.78 v _6667_/A2 (sky130_fd_sc_hd__a211o_4)
                  0.12    0.44    7.22 v _6667_/X (sky130_fd_sc_hd__a211o_4)
     6    0.05                           _3007_ (net)
                  0.12    0.00    7.22 v _7669_/B (sky130_fd_sc_hd__or4_1)
                  0.11    0.58    7.80 v _7669_/X (sky130_fd_sc_hd__or4_1)
     2    0.01                           _3777_ (net)
                  0.11    0.00    7.80 v _7678_/A (sky130_fd_sc_hd__or2_1)
                  0.06    0.28    8.08 v _7678_/X (sky130_fd_sc_hd__or2_1)
     2    0.01                           _3785_ (net)
                  0.06    0.00    8.08 v _7685_/A0 (sky130_fd_sc_hd__mux2_1)
                  0.09    0.35    8.43 v _7685_/X (sky130_fd_sc_hd__mux2_1)
     3    0.01                           _3791_ (net)
                  0.09    0.00    8.43 v _7698_/A (sky130_fd_sc_hd__nor2_1)
                  0.14    0.17    8.60 ^ _7698_/Y (sky130_fd_sc_hd__nor2_1)
     1    0.01                           _3802_ (net)
                  0.14    0.00    8.60 ^ _7699_/B (sky130_fd_sc_hd__xnor2_1)
                  0.06    0.09    8.68 v _7699_/Y (sky130_fd_sc_hd__xnor2_1)
     1    0.00                           _3803_ (net)
                  0.06    0.00    8.68 v _7700_/A0 (sky130_fd_sc_hd__mux2_1)
                  0.05    0.30    8.98 v _7700_/X (sky130_fd_sc_hd__mux2_1)
     1    0.00                           _3804_ (net)
                  0.05    0.00    8.98 v _7701_/A (sky130_fd_sc_hd__clkbuf_1)
                  0.03    0.10    9.07 v _7701_/X (sky130_fd_sc_hd__clkbuf_1)
     1    0.00                           _0471_ (net)
                  0.03    0.00    9.07 v _8241_/D (sky130_fd_sc_hd__dfxtp_1)
                                  9.07   data arrival time

                         10.00   10.00   clock i_clk (rise edge)
                          0.00   10.00   clock source latency
                  0.20    0.14   10.14 ^ i_clk (in)
     1    0.04                           i_clk (net)
                  0.20    0.00   10.14 ^ clkbuf_0_i_clk/A (sky130_fd_sc_hd__clkbuf_16)
                  0.05    0.17   10.31 ^ clkbuf_0_i_clk/X (sky130_fd_sc_hd__clkbuf_16)
     2    0.02                           clknet_0_i_clk (net)
                  0.05    0.00   10.31 ^ clkbuf_1_1_0_i_clk/A (sky130_fd_sc_hd__clkbuf_8)
                  0.06    0.13   10.44 ^ clkbuf_1_1_0_i_clk/X (sky130_fd_sc_hd__clkbuf_8)
     2    0.02                           clknet_1_1_0_i_clk (net)
                  0.06    0.00   10.44 ^ clkbuf_2_2_0_i_clk/A (sky130_fd_sc_hd__clkbuf_8)
                  0.05    0.13   10.56 ^ clkbuf_2_2_0_i_clk/X (sky130_fd_sc_hd__clkbuf_8)
     2    0.02                           clknet_2_2_0_i_clk (net)
                  0.05    0.00   10.57 ^ clkbuf_3_5_0_i_clk/A (sky130_fd_sc_hd__clkbuf_8)
                  0.27    0.28   10.84 ^ clkbuf_3_5_0_i_clk/X (sky130_fd_sc_hd__clkbuf_8)
    15    0.16                           clknet_3_5_0_i_clk (net)
                  0.27    0.01   10.85 ^ clkbuf_leaf_63_i_clk/A (sky130_fd_sc_hd__clkbuf_16)
                  0.04    0.18   11.04 ^ clkbuf_leaf_63_i_clk/X (sky130_fd_sc_hd__clkbuf_16)
     5    0.02                           clknet_leaf_63_i_clk (net)
                  0.04    0.00   11.04 ^ _8241_/CLK (sky130_fd_sc_hd__dfxtp_1)
                         -0.25   10.79   clock uncertainty
                          0.03   10.82   clock reconvergence pessimism
                         -0.10   10.72   library setup time
                                 10.72   data required time
-----------------------------------------------------------------------------
                                 10.72   data required time
                                 -9.07   data arrival time
-----------------------------------------------------------------------------
                                  1.64   slack (MET)


Startpoint: _7910_ (rising edge-triggered flip-flop clocked by i_clk)
Endpoint: _8239_ (rising edge-triggered flip-flop clocked by i_clk)
Path Group: i_clk
Path Type: max

Fanout     Cap    Slew   Delay    Time   Description
-----------------------------------------------------------------------------
                          0.00    0.00   clock i_clk (rise edge)
                          0.00    0.00   clock source latency
                  0.20    0.15    0.15 ^ i_clk (in)
     1    0.04                           i_clk (net)
                  0.20    0.00    0.15 ^ clkbuf_0_i_clk/A (sky130_fd_sc_hd__clkbuf_16)
                  0.05    0.19    0.34 ^ clkbuf_0_i_clk/X (sky130_fd_sc_hd__clkbuf_16)
     2    0.02                           clknet_0_i_clk (net)
                  0.05    0.00    0.34 ^ clkbuf_1_0_0_i_clk/A (sky130_fd_sc_hd__clkbuf_8)
                  0.06    0.14    0.48 ^ clkbuf_1_0_0_i_clk/X (sky130_fd_sc_hd__clkbuf_8)
     2    0.02                           clknet_1_0_0_i_clk (net)
                  0.06    0.00    0.48 ^ clkbuf_2_1_0_i_clk/A (sky130_fd_sc_hd__clkbuf_8)
                  0.05    0.14    0.62 ^ clkbuf_2_1_0_i_clk/X (sky130_fd_sc_hd__clkbuf_8)
     2    0.02                           clknet_2_1_0_i_clk (net)
                  0.05    0.00    0.63 ^ clkbuf_3_3_0_i_clk/A (sky130_fd_sc_hd__clkbuf_8)
                  0.16    0.23    0.86 ^ clkbuf_3_3_0_i_clk/X (sky130_fd_sc_hd__clkbuf_8)
     9    0.09                           clknet_3_3_0_i_clk (net)
                  0.16    0.00    0.86 ^ clkbuf_leaf_7_i_clk/A (sky130_fd_sc_hd__clkbuf_16)
                  0.04    0.17    1.03 ^ clkbuf_leaf_7_i_clk/X (sky130_fd_sc_hd__clkbuf_16)
     7    0.02                           clknet_leaf_7_i_clk (net)
                  0.04    0.00    1.03 ^ _7910_/CLK (sky130_fd_sc_hd__dfxtp_1)
                  0.06    0.34    1.37 v _7910_/Q (sky130_fd_sc_hd__dfxtp_1)
     3    0.01                           decode.oc_r_reg_sel[1] (net)
                  0.06    0.00    1.37 v _3850_/A (sky130_fd_sc_hd__buf_6)
                  0.04    0.15    1.52 v _3850_/X (sky130_fd_sc_hd__buf_6)
    10    0.03                           _0507_ (net)
                  0.04    0.00    1.52 v _3873_/A (sky130_fd_sc_hd__buf_2)
                  0.07    0.17    1.69 v _3873_/X (sky130_fd_sc_hd__buf_2)
    10    0.03                           _0530_ (net)
                  0.07    0.00    1.69 v _3874_/A (sky130_fd_sc_hd__buf_2)
                  0.08    0.20    1.89 v _3874_/X (sky130_fd_sc_hd__buf_2)
    10    0.03                           _0531_ (net)
                  0.08    0.00    1.89 v _3875_/A (sky130_fd_sc_hd__buf_4)
                  0.06    0.20    2.09 v _3875_/X (sky130_fd_sc_hd__buf_4)
    10    0.04                           _0532_ (net)
                  0.06    0.00    2.10 v _3993_/B (sky130_fd_sc_hd__and4b_1)
                  0.06    0.21    2.30 v _3993_/X (sky130_fd_sc_hd__and4b_1)
     1    0.01                           _0638_ (net)
                  0.06    0.00    2.30 v _3996_/A (sky130_fd_sc_hd__or3_1)
                  0.10    0.43    2.73 v _3996_/X (sky130_fd_sc_hd__or3_1)
     1    0.01                           _0641_ (net)
                  0.10    0.00    2.73 v _3997_/B2 (sky130_fd_sc_hd__o22ai_4)
                  0.60    0.47    3.20 ^ _3997_/Y (sky130_fd_sc_hd__o22ai_4)
     8    0.08                           _0642_ (net)
                  0.60    0.02    3.22 ^ _3998_/A (sky130_fd_sc_hd__inv_4)
                  0.13    0.13    3.35 v _3998_/Y (sky130_fd_sc_hd__inv_4)
     4    0.03                           net243 (net)
                  0.13    0.00    3.35 v _5109_/A1 (sky130_fd_sc_hd__mux2_8)
                  0.09    0.40    3.75 v _5109_/X (sky130_fd_sc_hd__mux2_8)
     7    0.05                           _1562_ (net)
                  0.09    0.00    3.76 v _6044_/B (sky130_fd_sc_hd__nand2_2)
                  0.08    0.11    3.87 ^ _6044_/Y (sky130_fd_sc_hd__nand2_2)
     2    0.01                           _2385_ (net)
                  0.08    0.00    3.87 ^ _6247_/A (sky130_fd_sc_hd__and2_4)
                  0.06    0.17    4.04 ^ _6247_/X (sky130_fd_sc_hd__and2_4)
     5    0.02                           _2588_ (net)
                  0.06    0.00    4.04 ^ _6248_/B1 (sky130_fd_sc_hd__a21oi_1)
                  0.07    0.06    4.10 v _6248_/Y (sky130_fd_sc_hd__a21oi_1)
     2    0.01                           _2589_ (net)
                  0.07    0.00    4.10 v _6249_/B1 (sky130_fd_sc_hd__a21o_1)
                  0.07    0.21    4.31 v _6249_/X (sky130_fd_sc_hd__a21o_1)
     2    0.01                           _2590_ (net)
                  0.07    0.00    4.31 v _6251_/A2 (sky130_fd_sc_hd__a21oi_2)
                  0.20    0.24    4.55 ^ _6251_/Y (sky130_fd_sc_hd__a21oi_2)
     3    0.01                           _2592_ (net)
                  0.20    0.00    4.55 ^ _6253_/A2 (sky130_fd_sc_hd__o211ai_2)
                  0.11    0.14    4.69 v _6253_/Y (sky130_fd_sc_hd__o211ai_2)
     4    0.01                           _2594_ (net)
                  0.11    0.00    4.69 v _6257_/A3 (sky130_fd_sc_hd__a311o_2)
                  0.11    0.51    5.19 v _6257_/X (sky130_fd_sc_hd__a311o_2)
     5    0.03                           _2598_ (net)
                  0.11    0.00    5.20 v _6264_/A3 (sky130_fd_sc_hd__a311oi_4)
                  0.27    0.37    5.57 ^ _6264_/Y (sky130_fd_sc_hd__a311oi_4)
     2    0.01                           _2605_ (net)
                  0.27    0.00    5.57 ^ _6266_/A2 (sky130_fd_sc_hd__o211ai_2)
                  0.11    0.15    5.71 v _6266_/Y (sky130_fd_sc_hd__o211ai_2)
     3    0.01                           _2607_ (net)
                  0.11    0.00    5.71 v _6269_/A2 (sky130_fd_sc_hd__a21oi_2)
                  0.18    0.24    5.95 ^ _6269_/Y (sky130_fd_sc_hd__a21oi_2)
     3    0.01                           _2610_ (net)
                  0.18    0.00    5.95 ^ _6271_/A2 (sky130_fd_sc_hd__o21ai_2)
                  0.09    0.11    6.06 v _6271_/Y (sky130_fd_sc_hd__o21ai_2)
     3    0.01                           _2612_ (net)
                  0.09    0.00    6.06 v _6272_/A2 (sky130_fd_sc_hd__a21o_1)
                  0.07    0.24    6.29 v _6272_/X (sky130_fd_sc_hd__a21o_1)
     3    0.01                           _2613_ (net)
                  0.07    0.00    6.29 v _6353_/A2 (sky130_fd_sc_hd__a21oi_2)
                  0.11    0.16    6.46 ^ _6353_/Y (sky130_fd_sc_hd__a21oi_2)
     2    0.01                           _2694_ (net)
                  0.11    0.00    6.46 ^ _6658_/A2_N (sky130_fd_sc_hd__a2bb2o_1)
                  0.06    0.32    6.78 v _6658_/X (sky130_fd_sc_hd__a2bb2o_1)
     1    0.01                           _2998_ (net)
                  0.06    0.00    6.78 v _6667_/A2 (sky130_fd_sc_hd__a211o_4)
                  0.12    0.44    7.22 v _6667_/X (sky130_fd_sc_hd__a211o_4)
     6    0.05                           _3007_ (net)
                  0.12    0.00    7.22 v _7669_/B (sky130_fd_sc_hd__or4_1)
                  0.11    0.58    7.80 v _7669_/X (sky130_fd_sc_hd__or4_1)
     2    0.01                           _3777_ (net)
                  0.11    0.00    7.80 v _7678_/A (sky130_fd_sc_hd__or2_1)
                  0.06    0.28    8.08 v _7678_/X (sky130_fd_sc_hd__or2_1)
     2    0.01                           _3785_ (net)
                  0.06    0.00    8.08 v _7685_/A0 (sky130_fd_sc_hd__mux2_1)
                  0.09    0.35    8.43 v _7685_/X (sky130_fd_sc_hd__mux2_1)
     3    0.01                           _3791_ (net)
                  0.09    0.00    8.43 v _7686_/B (sky130_fd_sc_hd__xnor2_1)
                  0.06    0.16    8.59 v _7686_/Y (sky130_fd_sc_hd__xnor2_1)
     1    0.01                           _3792_ (net)
                  0.06    0.00    8.59 v _7687_/A0 (sky130_fd_sc_hd__mux2_1)
                  0.06    0.30    8.89 v _7687_/X (sky130_fd_sc_hd__mux2_1)
     1    0.00                           _3793_ (net)
                  0.06    0.00    8.89 v _7688_/A (sky130_fd_sc_hd__clkbuf_1)
                  0.03    0.10    8.99 v _7688_/X (sky130_fd_sc_hd__clkbuf_1)
     1    0.00                           _0469_ (net)
                  0.03    0.00    8.99 v _8239_/D (sky130_fd_sc_hd__dfxtp_1)
                                  8.99   data arrival time

                         10.00   10.00   clock i_clk (rise edge)
                          0.00   10.00   clock source latency
                  0.20    0.14   10.14 ^ i_clk (in)
     1    0.04                           i_clk (net)
                  0.20    0.00   10.14 ^ clkbuf_0_i_clk/A (sky130_fd_sc_hd__clkbuf_16)
                  0.05    0.17   10.31 ^ clkbuf_0_i_clk/X (sky130_fd_sc_hd__clkbuf_16)
     2    0.02                           clknet_0_i_clk (net)
                  0.05    0.00   10.31 ^ clkbuf_1_1_0_i_clk/A (sky130_fd_sc_hd__clkbuf_8)
                  0.06    0.13   10.44 ^ clkbuf_1_1_0_i_clk/X (sky130_fd_sc_hd__clkbuf_8)
     2    0.02                           clknet_1_1_0_i_clk (net)
                  0.06    0.00   10.44 ^ clkbuf_2_2_0_i_clk/A (sky130_fd_sc_hd__clkbuf_8)
                  0.05    0.13   10.56 ^ clkbuf_2_2_0_i_clk/X (sky130_fd_sc_hd__clkbuf_8)
     2    0.02                           clknet_2_2_0_i_clk (net)
                  0.05    0.00   10.57 ^ clkbuf_3_5_0_i_clk/A (sky130_fd_sc_hd__clkbuf_8)
                  0.27    0.28   10.84 ^ clkbuf_3_5_0_i_clk/X (sky130_fd_sc_hd__clkbuf_8)
    15    0.16                           clknet_3_5_0_i_clk (net)
                  0.27    0.01   10.85 ^ clkbuf_leaf_62_i_clk/A (sky130_fd_sc_hd__clkbuf_16)
                  0.05    0.19   11.04 ^ clkbuf_leaf_62_i_clk/X (sky130_fd_sc_hd__clkbuf_16)
     8    0.02                           clknet_leaf_62_i_clk (net)
                  0.05    0.00   11.05 ^ _8239_/CLK (sky130_fd_sc_hd__dfxtp_1)
                         -0.25   10.80   clock uncertainty
                          0.03   10.83   clock reconvergence pessimism
                         -0.10   10.72   library setup time
                                 10.72   data required time
-----------------------------------------------------------------------------
                                 10.72   data required time
                                 -8.99   data arrival time
-----------------------------------------------------------------------------
                                  1.73   slack (MET)


Startpoint: i_irq (input port clocked by i_clk)
Endpoint: o_req_ppl_submit (output port clocked by i_clk)
Path Group: i_clk
Path Type: max

Fanout     Cap    Slew   Delay    Time   Description
-----------------------------------------------------------------------------
                          0.00    0.00   clock i_clk (rise edge)
                          0.00    0.00   clock network delay (propagated)
                          2.00    2.00 v input external delay
                  0.01    0.00    2.00 v i_irq (in)
     1    0.00                           i_irq (net)
                  0.01    0.00    2.00 v input22/A (sky130_fd_sc_hd__dlymetal6s2s_1)
                  0.10    0.19    2.19 v input22/X (sky130_fd_sc_hd__dlymetal6s2s_1)
     2    0.02                           net22 (net)
                  0.10    0.00    2.19 v _4032_/A1 (sky130_fd_sc_hd__o21a_1)
                  0.04    0.21    2.40 v _4032_/X (sky130_fd_sc_hd__o21a_1)
     1    0.00                           _0673_ (net)
                  0.04    0.00    2.40 v _4033_/C (sky130_fd_sc_hd__or3_1)
                  0.10    0.37    2.77 v _4033_/X (sky130_fd_sc_hd__or3_1)
     3    0.01                           _0674_ (net)
                  0.10    0.00    2.77 v _4034_/B (sky130_fd_sc_hd__or2_1)
                  0.05    0.24    3.00 v _4034_/X (sky130_fd_sc_hd__or2_1)
     1    0.00                           _0675_ (net)
                  0.05    0.00    3.00 v _4035_/A (sky130_fd_sc_hd__buf_4)
                  0.08    0.20    3.21 v _4035_/X (sky130_fd_sc_hd__buf_4)
    10    0.06                           _0676_ (net)
                  0.08    0.00    3.21 v _4055_/A (sky130_fd_sc_hd__or2_4)
                  0.10    0.34    3.55 v _4055_/X (sky130_fd_sc_hd__or2_4)
     4    0.05                           _0696_ (net)
                  0.10    0.00    3.56 v _4057_/B (sky130_fd_sc_hd__or3_1)
                  0.10    0.42    3.98 v _4057_/X (sky130_fd_sc_hd__or3_1)
     2    0.01                           _0698_ (net)
                  0.10    0.00    3.98 v _4098_/A_N (sky130_fd_sc_hd__and3b_1)
                  0.06    0.24    4.22 ^ _4098_/X (sky130_fd_sc_hd__and3b_1)
     1    0.00                           _0739_ (net)
                  0.06    0.00    4.22 ^ _4099_/A (sky130_fd_sc_hd__buf_4)
                  0.16    0.21    4.43 ^ _4099_/X (sky130_fd_sc_hd__buf_4)
     8    0.06                           _0740_ (net)
                  0.16    0.00    4.43 ^ _4100_/B (sky130_fd_sc_hd__nor2_2)
                  0.07    0.11    4.54 v _4100_/Y (sky130_fd_sc_hd__nor2_2)
     4    0.02                           _0741_ (net)
                  0.07    0.00    4.54 v _4101_/B (sky130_fd_sc_hd__nor2_4)
                  0.23    0.22    4.76 ^ _4101_/Y (sky130_fd_sc_hd__nor2_4)
     4    0.03                           net103 (net)
                  0.23    0.00    4.76 ^ _4102_/B1 (sky130_fd_sc_hd__o21ai_1)
                  0.09    0.13    4.89 v _4102_/Y (sky130_fd_sc_hd__o21ai_1)
     1    0.01                           _0742_ (net)
                  0.09    0.00    4.89 v _4145_/B1 (sky130_fd_sc_hd__o221a_1)
                  0.10    0.31    5.20 v _4145_/X (sky130_fd_sc_hd__o221a_1)
     2    0.01                           _0785_ (net)
                  0.10    0.00    5.20 v _4146_/B (sky130_fd_sc_hd__nor2_4)
                  0.29    0.27    5.48 ^ _4146_/Y (sky130_fd_sc_hd__nor2_4)
     9    0.05                           _0786_ (net)
                  0.29    0.00    5.48 ^ _4147_/A (sky130_fd_sc_hd__buf_4)
                  0.15    0.27    5.75 ^ _4147_/X (sky130_fd_sc_hd__buf_4)
    10    0.05                           net217 (net)
                  0.15    0.00    5.76 ^ output217/A (sky130_fd_sc_hd__buf_2)
                  0.17    0.25    6.00 ^ output217/X (sky130_fd_sc_hd__buf_2)
     1    0.03                           o_req_ppl_submit (net)
                  0.17    0.00    6.00 ^ o_req_ppl_submit (out)
                                  6.00   data arrival time

                         10.00   10.00   clock i_clk (rise edge)
                          0.00   10.00   clock network delay (propagated)
                         -0.25    9.75   clock uncertainty
                          0.00    9.75   clock reconvergence pessimism
                         -2.00    7.75   output external delay
                                  7.75   data required time
-----------------------------------------------------------------------------
                                  7.75   data required time
                                 -6.00   data arrival time
-----------------------------------------------------------------------------
                                  1.75   slack (MET)


