
32. Executing CHECK pass (checking for obvious problems).
Checking module core...
Warning: Wire core.\sr_bus_we is used but has no driver.
Warning: Wire core.\sr_bus_data_o [15] is used but has no driver.
Warning: Wire core.\sr_bus_data_o [14] is used but has no driver.
Warning: Wire core.\sr_bus_data_o [13] is used but has no driver.
Warning: Wire core.\sr_bus_data_o [12] is used but has no driver.
Warning: Wire core.\sr_bus_data_o [11] is used but has no driver.
Warning: Wire core.\sr_bus_data_o [10] is used but has no driver.
Warning: Wire core.\sr_bus_data_o [9] is used but has no driver.
Warning: Wire core.\sr_bus_data_o [8] is used but has no driver.
Warning: Wire core.\sr_bus_data_o [7] is used but has no driver.
Warning: Wire core.\sr_bus_data_o [6] is used but has no driver.
Warning: Wire core.\sr_bus_data_o [5] is used but has no driver.
Warning: Wire core.\sr_bus_data_o [4] is used but has no driver.
Warning: Wire core.\sr_bus_data_o [3] is used but has no driver.
Warning: Wire core.\sr_bus_data_o [2] is used but has no driver.
Warning: Wire core.\sr_bus_data_o [1] is used but has no driver.
Warning: Wire core.\sr_bus_data_o [0] is used but has no driver.
Warning: Wire core.\sr_bus_addr [15] is used but has no driver.
Warning: Wire core.\sr_bus_addr [14] is used but has no driver.
Warning: Wire core.\sr_bus_addr [13] is used but has no driver.
Warning: Wire core.\sr_bus_addr [12] is used but has no driver.
Warning: Wire core.\sr_bus_addr [11] is used but has no driver.
Warning: Wire core.\sr_bus_addr [10] is used but has no driver.
Warning: Wire core.\sr_bus_addr [9] is used but has no driver.
Warning: Wire core.\sr_bus_addr [8] is used but has no driver.
Warning: Wire core.\sr_bus_addr [7] is used but has no driver.
Warning: Wire core.\sr_bus_addr [6] is used but has no driver.
Warning: Wire core.\sr_bus_addr [5] is used but has no driver.
Warning: Wire core.\sr_bus_addr [4] is used but has no driver.
Warning: Wire core.\sr_bus_addr [3] is used but has no driver.
Warning: Wire core.\sr_bus_addr [2] is used but has no driver.
Warning: Wire core.\sr_bus_addr [1] is used but has no driver.
Warning: Wire core.\sr_bus_addr [0] is used but has no driver.
Warning: Wire core.\o_req_ppl_submit is used but has no driver.
Warning: Wire core.\o_req_addr [15] is used but has no driver.
Warning: Wire core.\o_req_addr [14] is used but has no driver.
Warning: Wire core.\o_req_addr [13] is used but has no driver.
Warning: Wire core.\o_req_addr [12] is used but has no driver.
Warning: Wire core.\o_req_addr [11] is used but has no driver.
Warning: Wire core.\o_req_addr [10] is used but has no driver.
Warning: Wire core.\o_req_addr [9] is used but has no driver.
Warning: Wire core.\o_req_addr [8] is used but has no driver.
Warning: Wire core.\o_req_addr [7] is used but has no driver.
Warning: Wire core.\o_req_addr [6] is used but has no driver.
Warning: Wire core.\o_req_addr [5] is used but has no driver.
Warning: Wire core.\o_req_addr [4] is used but has no driver.
Warning: Wire core.\o_req_addr [3] is used but has no driver.
Warning: Wire core.\o_req_addr [2] is used but has no driver.
Warning: Wire core.\o_req_addr [1] is used but has no driver.
Warning: Wire core.\o_req_addr [0] is used but has no driver.
Warning: Wire core.\o_req_active is used but has no driver.
Warning: Wire core.\o_mem_we is used but has no driver.
Warning: Wire core.\o_mem_sel [1] is used but has no driver.
Warning: Wire core.\o_mem_sel [0] is used but has no driver.
Warning: Wire core.\o_mem_req is used but has no driver.
Warning: Wire core.\o_mem_long is used but has no driver.
Warning: Wire core.\o_mem_data [15] is used but has no driver.
Warning: Wire core.\o_mem_data [14] is used but has no driver.
Warning: Wire core.\o_mem_data [13] is used but has no driver.
Warning: Wire core.\o_mem_data [12] is used but has no driver.
Warning: Wire core.\o_mem_data [11] is used but has no driver.
Warning: Wire core.\o_mem_data [10] is used but has no driver.
Warning: Wire core.\o_mem_data [9] is used but has no driver.
Warning: Wire core.\o_mem_data [8] is used but has no driver.
Warning: Wire core.\o_mem_data [7] is used but has no driver.
Warning: Wire core.\o_mem_data [6] is used but has no driver.
Warning: Wire core.\o_mem_data [5] is used but has no driver.
Warning: Wire core.\o_mem_data [4] is used but has no driver.
Warning: Wire core.\o_mem_data [3] is used but has no driver.
Warning: Wire core.\o_mem_data [2] is used but has no driver.
Warning: Wire core.\o_mem_data [1] is used but has no driver.
Warning: Wire core.\o_mem_data [0] is used but has no driver.
Warning: Wire core.\o_mem_addr_high [7] is used but has no driver.
Warning: Wire core.\o_mem_addr_high [6] is used but has no driver.
Warning: Wire core.\o_mem_addr_high [5] is used but has no driver.
Warning: Wire core.\o_mem_addr_high [4] is used but has no driver.
Warning: Wire core.\o_mem_addr_high [3] is used but has no driver.
Warning: Wire core.\o_mem_addr_high [2] is used but has no driver.
Warning: Wire core.\o_mem_addr_high [1] is used but has no driver.
Warning: Wire core.\o_mem_addr_high [0] is used but has no driver.
Warning: Wire core.\o_mem_addr [15] is used but has no driver.
Warning: Wire core.\o_mem_addr [14] is used but has no driver.
Warning: Wire core.\o_mem_addr [13] is used but has no driver.
Warning: Wire core.\o_mem_addr [12] is used but has no driver.
Warning: Wire core.\o_mem_addr [11] is used but has no driver.
Warning: Wire core.\o_mem_addr [10] is used but has no driver.
Warning: Wire core.\o_mem_addr [9] is used but has no driver.
Warning: Wire core.\o_mem_addr [8] is used but has no driver.
Warning: Wire core.\o_mem_addr [7] is used but has no driver.
Warning: Wire core.\o_mem_addr [6] is used but has no driver.
Warning: Wire core.\o_mem_addr [5] is used but has no driver.
Warning: Wire core.\o_mem_addr [4] is used but has no driver.
Warning: Wire core.\o_mem_addr [3] is used but has no driver.
Warning: Wire core.\o_mem_addr [2] is used but has no driver.
Warning: Wire core.\o_mem_addr [1] is used but has no driver.
Warning: Wire core.\o_mem_addr [0] is used but has no driver.
Warning: Wire core.\o_instr_long_addr [7] is used but has no driver.
Warning: Wire core.\o_instr_long_addr [6] is used but has no driver.
Warning: Wire core.\o_instr_long_addr [5] is used but has no driver.
Warning: Wire core.\o_instr_long_addr [4] is used but has no driver.
Warning: Wire core.\o_instr_long_addr [3] is used but has no driver.
Warning: Wire core.\o_instr_long_addr [2] is used but has no driver.
Warning: Wire core.\o_instr_long_addr [1] is used but has no driver.
Warning: Wire core.\o_instr_long_addr [0] is used but has no driver.
Warning: Wire core.\o_icache_flush is used but has no driver.
Warning: Wire core.\o_c_instr_page is used but has no driver.
Warning: Wire core.\o_c_instr_long is used but has no driver.
Warning: Wire core.\o_c_data_page is used but has no driver.
Warning: Wire core.\dbg_r0 [15] is used but has no driver.
Warning: Wire core.\dbg_r0 [14] is used but has no driver.
Warning: Wire core.\dbg_r0 [13] is used but has no driver.
Warning: Wire core.\dbg_r0 [12] is used but has no driver.
Warning: Wire core.\dbg_r0 [11] is used but has no driver.
Warning: Wire core.\dbg_r0 [10] is used but has no driver.
Warning: Wire core.\dbg_r0 [9] is used but has no driver.
Warning: Wire core.\dbg_r0 [8] is used but has no driver.
Warning: Wire core.\dbg_r0 [7] is used but has no driver.
Warning: Wire core.\dbg_r0 [6] is used but has no driver.
Warning: Wire core.\dbg_r0 [5] is used but has no driver.
Warning: Wire core.\dbg_r0 [4] is used but has no driver.
Warning: Wire core.\dbg_r0 [3] is used but has no driver.
Warning: Wire core.\dbg_r0 [2] is used but has no driver.
Warning: Wire core.\dbg_r0 [1] is used but has no driver.
Warning: Wire core.\dbg_r0 [0] is used but has no driver.
Warning: Wire core.\dbg_pc [15] is used but has no driver.
Warning: Wire core.\dbg_pc [14] is used but has no driver.
Warning: Wire core.\dbg_pc [13] is used but has no driver.
Warning: Wire core.\dbg_pc [12] is used but has no driver.
Warning: Wire core.\dbg_pc [11] is used but has no driver.
Warning: Wire core.\dbg_pc [10] is used but has no driver.
Warning: Wire core.\dbg_pc [9] is used but has no driver.
Warning: Wire core.\dbg_pc [8] is used but has no driver.
Warning: Wire core.\dbg_pc [7] is used but has no driver.
Warning: Wire core.\dbg_pc [6] is used but has no driver.
Warning: Wire core.\dbg_pc [5] is used but has no driver.
Warning: Wire core.\dbg_pc [4] is used but has no driver.
Warning: Wire core.\dbg_pc [3] is used but has no driver.
Warning: Wire core.\dbg_pc [2] is used but has no driver.
Warning: Wire core.\dbg_pc [1] is used but has no driver.
Warning: Wire core.\dbg_pc [0] is used but has no driver.
Warning: Wire core.\dbg_out [35] is used but has no driver.
Warning: Wire core.\dbg_out [34] is used but has no driver.
Warning: Wire core.\dbg_out [33] is used but has no driver.
Warning: Wire core.\dbg_out [32] is used but has no driver.
Warning: Wire core.\dbg_out [31] is used but has no driver.
Warning: Wire core.\dbg_out [30] is used but has no driver.
Warning: Wire core.\dbg_out [29] is used but has no driver.
Warning: Wire core.\dbg_out [28] is used but has no driver.
Warning: Wire core.\dbg_out [27] is used but has no driver.
Warning: Wire core.\dbg_out [26] is used but has no driver.
Warning: Wire core.\dbg_out [25] is used but has no driver.
Warning: Wire core.\dbg_out [24] is used but has no driver.
Warning: Wire core.\dbg_out [23] is used but has no driver.
Warning: Wire core.\dbg_out [22] is used but has no driver.
Warning: Wire core.\dbg_out [21] is used but has no driver.
Warning: Wire core.\dbg_out [20] is used but has no driver.
Warning: Wire core.\dbg_out [19] is used but has no driver.
Warning: Wire core.\dbg_out [18] is used but has no driver.
Warning: Wire core.\dbg_out [17] is used but has no driver.
Warning: Wire core.\dbg_out [16] is used but has no driver.
Warning: Wire core.\dbg_out [15] is used but has no driver.
Warning: Wire core.\dbg_out [14] is used but has no driver.
Warning: Wire core.\dbg_out [13] is used but has no driver.
Warning: Wire core.\dbg_out [12] is used but has no driver.
Warning: Wire core.\dbg_out [11] is used but has no driver.
Warning: Wire core.\dbg_out [10] is used but has no driver.
Warning: Wire core.\dbg_out [9] is used but has no driver.
Warning: Wire core.\dbg_out [8] is used but has no driver.
Warning: Wire core.\dbg_out [7] is used but has no driver.
Warning: Wire core.\dbg_out [6] is used but has no driver.
Warning: Wire core.\dbg_out [5] is used but has no driver.
Warning: Wire core.\dbg_out [4] is used but has no driver.
Warning: Wire core.\dbg_out [3] is used but has no driver.
Warning: Wire core.\dbg_out [2] is used but has no driver.
Warning: Wire core.\dbg_out [1] is used but has no driver.
Warning: Wire core.\dbg_out [0] is used but has no driver.
Found and reported 176 problems.
