
===========================================================================
report_checks -unconstrained
============================================================================
Startpoint: _7910_ (rising edge-triggered flip-flop clocked by i_clk)
Endpoint: _8232_ (rising edge-triggered flip-flop clocked by i_clk)
Path Group: i_clk
Path Type: max

Fanout     Cap    Slew   Delay    Time   Description
-----------------------------------------------------------------------------
                  0.15    0.00    0.00   clock i_clk (rise edge)
                          0.00    0.00   clock network delay (ideal)
                  0.15    0.00    0.00 ^ _7910_/CLK (sky130_fd_sc_hd__dfxtp_2)
                  0.04    0.37    0.37 ^ _7910_/Q (sky130_fd_sc_hd__dfxtp_2)
     3    0.01                           decode.oc_r_reg_sel[1] (net)
                  0.04    0.00    0.37 ^ _3850_/A (sky130_fd_sc_hd__buf_1)
                  0.28    0.25    0.63 ^ _3850_/X (sky130_fd_sc_hd__buf_1)
    10    0.02                           _0507_ (net)
                  0.28    0.00    0.63 ^ _3869_/C_N (sky130_fd_sc_hd__nor3b_2)
                  0.58    0.58    1.21 ^ _3869_/Y (sky130_fd_sc_hd__nor3b_2)
    10    0.03                           _0526_ (net)
                  0.58    0.00    1.21 ^ _3950_/A2 (sky130_fd_sc_hd__a2111oi_2)
                  0.12    0.16    1.37 v _3950_/Y (sky130_fd_sc_hd__a2111oi_2)
     2    0.00                           _0600_ (net)
                  0.12    0.00    1.37 v _4874_/B2 (sky130_fd_sc_hd__a221o_2)
                  0.07    0.42    1.79 v _4874_/X (sky130_fd_sc_hd__a221o_2)
     3    0.01                           _1331_ (net)
                  0.07    0.00    1.79 v _4875_/B (sky130_fd_sc_hd__and2_2)
                  0.07    0.25    2.05 v _4875_/X (sky130_fd_sc_hd__and2_2)
    10    0.02                           _1332_ (net)
                  0.07    0.00    2.05 v _5654_/B (sky130_fd_sc_hd__or3_2)
                  0.11    0.52    2.57 v _5654_/X (sky130_fd_sc_hd__or3_2)
     3    0.01                           _1995_ (net)
                  0.11    0.00    2.57 v _5655_/B2 (sky130_fd_sc_hd__a22o_2)
                  0.05    0.27    2.84 v _5655_/X (sky130_fd_sc_hd__a22o_2)
     2    0.01                           _1996_ (net)
                  0.05    0.00    2.84 v _5659_/A1 (sky130_fd_sc_hd__a21o_2)
                  0.05    0.21    3.05 v _5659_/X (sky130_fd_sc_hd__a21o_2)
     3    0.01                           _2000_ (net)
                  0.05    0.00    3.05 v _5660_/C (sky130_fd_sc_hd__and3_2)
                  0.05    0.23    3.27 v _5660_/X (sky130_fd_sc_hd__and3_2)
     2    0.01                           _2001_ (net)
                  0.05    0.00    3.27 v _5667_/A (sky130_fd_sc_hd__or3_2)
                  0.07    0.48    3.76 v _5667_/X (sky130_fd_sc_hd__or3_2)
     1    0.00                           _2008_ (net)
                  0.07    0.00    3.76 v _5668_/A (sky130_fd_sc_hd__buf_1)
                  0.13    0.20    3.95 v _5668_/X (sky130_fd_sc_hd__buf_1)
     5    0.02                           _2009_ (net)
                  0.13    0.00    3.95 v _5675_/A (sky130_fd_sc_hd__and3_2)
                  0.05    0.23    4.18 v _5675_/X (sky130_fd_sc_hd__and3_2)
     2    0.01                           _2016_ (net)
                  0.05    0.00    4.18 v _5678_/B (sky130_fd_sc_hd__or4_2)
                  0.14    0.74    4.92 v _5678_/X (sky130_fd_sc_hd__or4_2)
     4    0.01                           _2019_ (net)
                  0.14    0.00    4.92 v _5835_/B1 (sky130_fd_sc_hd__o211a_2)
                  0.07    0.21    5.13 v _5835_/X (sky130_fd_sc_hd__o211a_2)
     4    0.01                           _2176_ (net)
                  0.07    0.00    5.13 v _5887_/A1 (sky130_fd_sc_hd__o21a_2)
                  0.04    0.23    5.37 v _5887_/X (sky130_fd_sc_hd__o21a_2)
     2    0.01                           _2228_ (net)
                  0.04    0.00    5.37 v _5889_/A2 (sky130_fd_sc_hd__o211a_2)
                  0.05    0.26    5.62 v _5889_/X (sky130_fd_sc_hd__o211a_2)
     2    0.01                           _2230_ (net)
                  0.05    0.00    5.62 v _5890_/C1 (sky130_fd_sc_hd__a211o_2)
                  0.06    0.30    5.92 v _5890_/X (sky130_fd_sc_hd__a211o_2)
     3    0.01                           _2231_ (net)
                  0.06    0.00    5.92 v _5926_/A (sky130_fd_sc_hd__and3_2)
                  0.06    0.21    6.13 v _5926_/X (sky130_fd_sc_hd__and3_2)
     4    0.01                           _2267_ (net)
                  0.06    0.00    6.13 v _6119_/B1_N (sky130_fd_sc_hd__o21ba_2)
                  0.05    0.25    6.38 ^ _6119_/X (sky130_fd_sc_hd__o21ba_2)
     1    0.00                           _2460_ (net)
                  0.05    0.00    6.38 ^ _6120_/B1 (sky130_fd_sc_hd__a21oi_2)
                  0.06    0.03    6.41 v _6120_/Y (sky130_fd_sc_hd__a21oi_2)
     1    0.00                           _2461_ (net)
                  0.06    0.00    6.41 v _6121_/B1 (sky130_fd_sc_hd__a41o_2)
                  0.06    0.27    6.68 v _6121_/X (sky130_fd_sc_hd__a41o_2)
     4    0.01                           _2462_ (net)
                  0.06    0.00    6.68 v _6338_/A2 (sky130_fd_sc_hd__a211o_2)
                  0.05    0.34    7.02 v _6338_/X (sky130_fd_sc_hd__a211o_2)
     1    0.00                           _2679_ (net)
                  0.05    0.00    7.02 v _6339_/B1 (sky130_fd_sc_hd__o311a_2)
                  0.07    0.14    7.17 v _6339_/X (sky130_fd_sc_hd__o311a_2)
     2    0.01                           _2680_ (net)
                  0.07    0.00    7.17 v _6383_/B1 (sky130_fd_sc_hd__a211o_2)
                  0.08    0.38    7.54 v _6383_/X (sky130_fd_sc_hd__a211o_2)
     5    0.02                           _2724_ (net)
                  0.08    0.00    7.54 v _6829_/B1 (sky130_fd_sc_hd__a22o_2)
                  0.05    0.25    7.79 v _6829_/X (sky130_fd_sc_hd__a22o_2)
     3    0.01                           _3151_ (net)
                  0.05    0.00    7.79 v _7644_/B2 (sky130_fd_sc_hd__a2bb2o_2)
                  0.04    0.23    8.03 v _7644_/X (sky130_fd_sc_hd__a2bb2o_2)
     1    0.00                           _3756_ (net)
                  0.04    0.00    8.03 v _7645_/A1 (sky130_fd_sc_hd__mux2_2)
                  0.04    0.26    8.29 v _7645_/X (sky130_fd_sc_hd__mux2_2)
     1    0.00                           _3757_ (net)
                  0.04    0.00    8.29 v _7646_/A0 (sky130_fd_sc_hd__mux2_2)
                  0.05    0.26    8.55 v _7646_/X (sky130_fd_sc_hd__mux2_2)
     1    0.00                           _3758_ (net)
                  0.05    0.00    8.55 v _7647_/A (sky130_fd_sc_hd__buf_1)
                  0.02    0.09    8.63 v _7647_/X (sky130_fd_sc_hd__buf_1)
     1    0.00                           _0462_ (net)
                  0.02    0.00    8.63 v _8232_/D (sky130_fd_sc_hd__dfxtp_2)
                                  8.63   data arrival time

                  0.15   10.00   10.00   clock i_clk (rise edge)
                          0.00   10.00   clock network delay (ideal)
                         -0.25    9.75   clock uncertainty
                          0.00    9.75   clock reconvergence pessimism
                                  9.75 ^ _8232_/CLK (sky130_fd_sc_hd__dfxtp_2)
                         -0.08    9.67   library setup time
                                  9.67   data required time
-----------------------------------------------------------------------------
                                  9.67   data required time
                                 -8.63   data arrival time
-----------------------------------------------------------------------------
                                  1.04   slack (MET)



===========================================================================
report_checks --slack_max -0.01
============================================================================
No paths found.
