
===========================================================================
 report_check_types -max_slew -max_cap -max_fanout -violators
============================================================================
max fanout

Pin                                   Limit Fanout  Slack
---------------------------------------------------------
clkbuf_3_7_0_i_clk/X                     10     36    -26 (VIOLATED)
clkbuf_3_5_0_i_clk/X                     10     30    -20 (VIOLATED)
clkbuf_3_6_0_i_clk/X                     10     28    -18 (VIOLATED)
clkbuf_3_1_0_i_clk/X                     10     24    -14 (VIOLATED)
_3853_/X                                 10     20    -10 (VIOLATED)
_3854_/X                                 10     20    -10 (VIOLATED)
_3857_/X                                 10     20    -10 (VIOLATED)
_3860_/X                                 10     20    -10 (VIOLATED)
_3861_/X                                 10     20    -10 (VIOLATED)
_3862_/X                                 10     20    -10 (VIOLATED)
_3866_/X                                 10     20    -10 (VIOLATED)
_3871_/X                                 10     20    -10 (VIOLATED)
_3872_/X                                 10     20    -10 (VIOLATED)
_3874_/X                                 10     20    -10 (VIOLATED)
_3875_/X                                 10     20    -10 (VIOLATED)
_3892_/X                                 10     20    -10 (VIOLATED)
_3912_/X                                 10     20    -10 (VIOLATED)
_3913_/X                                 10     20    -10 (VIOLATED)
_3914_/X                                 10     20    -10 (VIOLATED)
_3915_/X                                 10     20    -10 (VIOLATED)
_3916_/X                                 10     20    -10 (VIOLATED)
_4014_/X                                 10     20    -10 (VIOLATED)
_4027_/X                                 10     20    -10 (VIOLATED)
_4029_/X                                 10     20    -10 (VIOLATED)
_4030_/X                                 10     20    -10 (VIOLATED)
_4031_/X                                 10     20    -10 (VIOLATED)
_4035_/X                                 10     20    -10 (VIOLATED)
_4036_/X                                 10     20    -10 (VIOLATED)
_4058_/X                                 10     20    -10 (VIOLATED)
_4059_/X                                 10     20    -10 (VIOLATED)
_4061_/X                                 10     20    -10 (VIOLATED)
_4062_/X                                 10     20    -10 (VIOLATED)
_4064_/X                                 10     20    -10 (VIOLATED)
_4065_/X                                 10     20    -10 (VIOLATED)
_4147_/X                                 10     20    -10 (VIOLATED)
_4156_/X                                 10     20    -10 (VIOLATED)
_4162_/X                                 10     20    -10 (VIOLATED)
_4163_/X                                 10     20    -10 (VIOLATED)
_4179_/X                                 10     20    -10 (VIOLATED)
_4180_/X                                 10     20    -10 (VIOLATED)
_4192_/X                                 10     20    -10 (VIOLATED)
_4211_/X                                 10     20    -10 (VIOLATED)
_4212_/X                                 10     20    -10 (VIOLATED)
_4219_/X                                 10     20    -10 (VIOLATED)
_4220_/X                                 10     20    -10 (VIOLATED)
_4223_/X                                 10     20    -10 (VIOLATED)
_4228_/X                                 10     20    -10 (VIOLATED)
_4235_/X                                 10     20    -10 (VIOLATED)
_4239_/X                                 10     20    -10 (VIOLATED)
_4251_/X                                 10     20    -10 (VIOLATED)
_4262_/X                                 10     20    -10 (VIOLATED)
_4299_/X                                 10     20    -10 (VIOLATED)
_4301_/X                                 10     20    -10 (VIOLATED)
_4303_/X                                 10     20    -10 (VIOLATED)
_4305_/X                                 10     20    -10 (VIOLATED)
_4307_/X                                 10     20    -10 (VIOLATED)
_4311_/X                                 10     20    -10 (VIOLATED)
_4313_/X                                 10     20    -10 (VIOLATED)
_4315_/X                                 10     20    -10 (VIOLATED)
_4317_/X                                 10     20    -10 (VIOLATED)
_4460_/X                                 10     20    -10 (VIOLATED)
_4539_/X                                 10     20    -10 (VIOLATED)
_4542_/X                                 10     20    -10 (VIOLATED)
_4543_/X                                 10     20    -10 (VIOLATED)
_4556_/X                                 10     20    -10 (VIOLATED)
_4563_/X                                 10     20    -10 (VIOLATED)
_4573_/X                                 10     20    -10 (VIOLATED)
_4608_/X                                 10     20    -10 (VIOLATED)
_4616_/X                                 10     20    -10 (VIOLATED)
_4617_/X                                 10     20    -10 (VIOLATED)
_4627_/X                                 10     20    -10 (VIOLATED)
_4628_/X                                 10     20    -10 (VIOLATED)
_4629_/X                                 10     20    -10 (VIOLATED)
_4632_/X                                 10     20    -10 (VIOLATED)
_4645_/X                                 10     20    -10 (VIOLATED)
_4653_/X                                 10     20    -10 (VIOLATED)
_4668_/X                                 10     20    -10 (VIOLATED)
_4689_/X                                 10     20    -10 (VIOLATED)
_4715_/X                                 10     20    -10 (VIOLATED)
_4797_/X                                 10     20    -10 (VIOLATED)
_4847_/X                                 10     20    -10 (VIOLATED)
_4848_/Y                                 10     20    -10 (VIOLATED)
_4850_/X                                 10     20    -10 (VIOLATED)
_4853_/X                                 10     20    -10 (VIOLATED)
_4854_/X                                 10     20    -10 (VIOLATED)
_4856_/X                                 10     20    -10 (VIOLATED)
_4860_/X                                 10     20    -10 (VIOLATED)
_4862_/X                                 10     20    -10 (VIOLATED)
_4865_/X                                 10     20    -10 (VIOLATED)
_4866_/X                                 10     20    -10 (VIOLATED)
_4868_/Y                                 10     20    -10 (VIOLATED)
_4871_/X                                 10     20    -10 (VIOLATED)
_4875_/X                                 10     20    -10 (VIOLATED)
_4878_/X                                 10     20    -10 (VIOLATED)
_4882_/X                                 10     20    -10 (VIOLATED)
_4883_/X                                 10     20    -10 (VIOLATED)
_4884_/X                                 10     20    -10 (VIOLATED)
_4888_/X                                 10     20    -10 (VIOLATED)
_4890_/X                                 10     20    -10 (VIOLATED)
_4891_/X                                 10     20    -10 (VIOLATED)
_4892_/X                                 10     20    -10 (VIOLATED)
_4896_/X                                 10     20    -10 (VIOLATED)
_4898_/X                                 10     20    -10 (VIOLATED)
_4899_/X                                 10     20    -10 (VIOLATED)
_4902_/X                                 10     20    -10 (VIOLATED)
_4904_/X                                 10     20    -10 (VIOLATED)
_4905_/X                                 10     20    -10 (VIOLATED)
_4910_/X                                 10     20    -10 (VIOLATED)
_4912_/X                                 10     20    -10 (VIOLATED)
_4920_/X                                 10     20    -10 (VIOLATED)
_4922_/X                                 10     20    -10 (VIOLATED)
_4926_/X                                 10     20    -10 (VIOLATED)
_4930_/X                                 10     20    -10 (VIOLATED)
_4932_/X                                 10     20    -10 (VIOLATED)
_4937_/X                                 10     20    -10 (VIOLATED)
_4938_/X                                 10     20    -10 (VIOLATED)
_4944_/X                                 10     20    -10 (VIOLATED)
_4946_/X                                 10     20    -10 (VIOLATED)
_4949_/X                                 10     20    -10 (VIOLATED)
_4953_/X                                 10     20    -10 (VIOLATED)
_4963_/X                                 10     20    -10 (VIOLATED)
_4964_/X                                 10     20    -10 (VIOLATED)
_4979_/X                                 10     20    -10 (VIOLATED)
_4986_/X                                 10     20    -10 (VIOLATED)
_4992_/X                                 10     20    -10 (VIOLATED)
_5004_/X                                 10     20    -10 (VIOLATED)
_5012_/X                                 10     20    -10 (VIOLATED)
_5023_/X                                 10     20    -10 (VIOLATED)
_5033_/X                                 10     20    -10 (VIOLATED)
_5043_/X                                 10     20    -10 (VIOLATED)
_5052_/X                                 10     20    -10 (VIOLATED)
_5059_/X                                 10     20    -10 (VIOLATED)
_5060_/X                                 10     20    -10 (VIOLATED)
_5082_/X                                 10     20    -10 (VIOLATED)
_5087_/X                                 10     20    -10 (VIOLATED)
_5089_/X                                 10     20    -10 (VIOLATED)
_5090_/X                                 10     20    -10 (VIOLATED)
_5102_/X                                 10     20    -10 (VIOLATED)
_5106_/X                                 10     20    -10 (VIOLATED)
_5110_/X                                 10     20    -10 (VIOLATED)
_5125_/X                                 10     20    -10 (VIOLATED)
_5126_/X                                 10     20    -10 (VIOLATED)
_5138_/X                                 10     20    -10 (VIOLATED)
_5156_/X                                 10     20    -10 (VIOLATED)
_5163_/X                                 10     20    -10 (VIOLATED)
_5169_/X                                 10     20    -10 (VIOLATED)
_5173_/X                                 10     20    -10 (VIOLATED)
_5175_/X                                 10     20    -10 (VIOLATED)
_5177_/Y                                 10     20    -10 (VIOLATED)
_5180_/X                                 10     20    -10 (VIOLATED)
_5198_/X                                 10     20    -10 (VIOLATED)
_5211_/X                                 10     20    -10 (VIOLATED)
_5299_/X                                 10     20    -10 (VIOLATED)
_5343_/X                                 10     20    -10 (VIOLATED)
_5421_/X                                 10     20    -10 (VIOLATED)
_5433_/X                                 10     20    -10 (VIOLATED)
_5440_/X                                 10     20    -10 (VIOLATED)
_5445_/X                                 10     20    -10 (VIOLATED)
_5448_/X                                 10     20    -10 (VIOLATED)
_5449_/X                                 10     20    -10 (VIOLATED)
_5458_/X                                 10     20    -10 (VIOLATED)
_5459_/X                                 10     20    -10 (VIOLATED)
_5504_/X                                 10     20    -10 (VIOLATED)
_5508_/X                                 10     20    -10 (VIOLATED)
_5549_/X                                 10     20    -10 (VIOLATED)
_5550_/X                                 10     20    -10 (VIOLATED)
_5584_/X                                 10     20    -10 (VIOLATED)
_5586_/X                                 10     20    -10 (VIOLATED)
_5625_/Y                                 10     20    -10 (VIOLATED)
_5703_/X                                 10     20    -10 (VIOLATED)
_5776_/X                                 10     20    -10 (VIOLATED)
_5955_/X                                 10     20    -10 (VIOLATED)
_6203_/X                                 10     20    -10 (VIOLATED)
_6700_/X                                 10     20    -10 (VIOLATED)
_6703_/X                                 10     20    -10 (VIOLATED)
_6765_/X                                 10     20    -10 (VIOLATED)
_6874_/X                                 10     20    -10 (VIOLATED)
_6875_/X                                 10     20    -10 (VIOLATED)
_7043_/X                                 10     20    -10 (VIOLATED)
_7044_/Y                                 10     20    -10 (VIOLATED)
_7049_/X                                 10     20    -10 (VIOLATED)
_7087_/X                                 10     20    -10 (VIOLATED)
_7097_/X                                 10     20    -10 (VIOLATED)
_7125_/X                                 10     20    -10 (VIOLATED)
_7133_/X                                 10     20    -10 (VIOLATED)
_7143_/X                                 10     20    -10 (VIOLATED)
_7155_/X                                 10     20    -10 (VIOLATED)
_7163_/X                                 10     20    -10 (VIOLATED)
_7179_/X                                 10     20    -10 (VIOLATED)
_7181_/X                                 10     20    -10 (VIOLATED)
_7200_/X                                 10     20    -10 (VIOLATED)
_7204_/X                                 10     20    -10 (VIOLATED)
_7218_/X                                 10     20    -10 (VIOLATED)
_7226_/X                                 10     20    -10 (VIOLATED)
_7238_/X                                 10     20    -10 (VIOLATED)
_7250_/X                                 10     20    -10 (VIOLATED)
_7256_/X                                 10     20    -10 (VIOLATED)
_7272_/X                                 10     20    -10 (VIOLATED)
_7276_/X                                 10     20    -10 (VIOLATED)
_7293_/X                                 10     20    -10 (VIOLATED)
_7297_/X                                 10     20    -10 (VIOLATED)
_7313_/X                                 10     20    -10 (VIOLATED)
_7321_/X                                 10     20    -10 (VIOLATED)
_7343_/X                                 10     20    -10 (VIOLATED)
_7351_/X                                 10     20    -10 (VIOLATED)
_7367_/X                                 10     20    -10 (VIOLATED)
_7389_/Y                                 10     20    -10 (VIOLATED)
_7390_/X                                 10     20    -10 (VIOLATED)
_7407_/X                                 10     20    -10 (VIOLATED)
_7467_/Y                                 10     20    -10 (VIOLATED)
_7471_/X                                 10     20    -10 (VIOLATED)
_7500_/X                                 10     20    -10 (VIOLATED)
_7543_/X                                 10     20    -10 (VIOLATED)
_7719_/X                                 10     20    -10 (VIOLATED)
_7885_/Q                                 10     20    -10 (VIOLATED)
_7928_/Q                                 10     20    -10 (VIOLATED)
_8008_/Q                                 10     20    -10 (VIOLATED)
_8009_/Q                                 10     20    -10 (VIOLATED)
_8011_/Q                                 10     20    -10 (VIOLATED)
_8014_/Q                                 10     20    -10 (VIOLATED)
_8017_/Q                                 10     20    -10 (VIOLATED)
_8021_/Q                                 10     20    -10 (VIOLATED)
clkbuf_3_4_0_i_clk/X                     10     20    -10 (VIOLATED)
fanout251/X                              10     20    -10 (VIOLATED)
fanout252/X                              10     20    -10 (VIOLATED)
input41/X                                10     20    -10 (VIOLATED)
_3868_/X                                 10     18     -8 (VIOLATED)
_3940_/Y                                 10     18     -8 (VIOLATED)
_4069_/X                                 10     18     -8 (VIOLATED)
_4072_/Y                                 10     18     -8 (VIOLATED)
_4146_/Y                                 10     18     -8 (VIOLATED)
_4547_/X                                 10     18     -8 (VIOLATED)
_4605_/X                                 10     18     -8 (VIOLATED)
_4855_/X                                 10     18     -8 (VIOLATED)
_4870_/Y                                 10     18     -8 (VIOLATED)
_5159_/Y                                 10     18     -8 (VIOLATED)
_5196_/X                                 10     18     -8 (VIOLATED)
_5348_/Y                                 10     18     -8 (VIOLATED)
_5614_/Y                                 10     18     -8 (VIOLATED)
_6171_/Y                                 10     18     -8 (VIOLATED)
_7886_/Q                                 10     18     -8 (VIOLATED)
_7922_/Q                                 10     18     -8 (VIOLATED)
_8010_/Q                                 10     18     -8 (VIOLATED)
_8012_/Q                                 10     18     -8 (VIOLATED)
_8013_/Q                                 10     18     -8 (VIOLATED)
_8015_/Q                                 10     18     -8 (VIOLATED)
_8016_/Q                                 10     18     -8 (VIOLATED)
_8018_/Q                                 10     18     -8 (VIOLATED)
_8019_/Q                                 10     18     -8 (VIOLATED)
clkbuf_3_0_0_i_clk/X                     10     18     -8 (VIOLATED)
clkbuf_3_3_0_i_clk/X                     10     18     -8 (VIOLATED)
input1/X                                 10     18     -8 (VIOLATED)
input2/X                                 10     18     -8 (VIOLATED)
input3/X                                 10     18     -8 (VIOLATED)
_3989_/Y                                 10     16     -6 (VIOLATED)
_3997_/Y                                 10     16     -6 (VIOLATED)
_4099_/X                                 10     16     -6 (VIOLATED)
_4160_/X                                 10     16     -6 (VIOLATED)
_4164_/Y                                 10     16     -6 (VIOLATED)
_4178_/Y                                 10     16     -6 (VIOLATED)
_4601_/Y                                 10     16     -6 (VIOLATED)
_4901_/X                                 10     16     -6 (VIOLATED)
_5096_/Y                                 10     16     -6 (VIOLATED)
_5168_/X                                 10     16     -6 (VIOLATED)
_6174_/X                                 10     16     -6 (VIOLATED)
_6853_/Y                                 10     16     -6 (VIOLATED)
_7000_/X                                 10     16     -6 (VIOLATED)
_7047_/X                                 10     16     -6 (VIOLATED)
_7054_/X                                 10     16     -6 (VIOLATED)
_7059_/X                                 10     16     -6 (VIOLATED)
_7064_/X                                 10     16     -6 (VIOLATED)
_7069_/X                                 10     16     -6 (VIOLATED)
_7074_/X                                 10     16     -6 (VIOLATED)
_7079_/X                                 10     16     -6 (VIOLATED)
_7084_/X                                 10     16     -6 (VIOLATED)
_7091_/X                                 10     16     -6 (VIOLATED)
_7095_/X                                 10     16     -6 (VIOLATED)
_7100_/X                                 10     16     -6 (VIOLATED)
_7104_/X                                 10     16     -6 (VIOLATED)
_7108_/X                                 10     16     -6 (VIOLATED)
_7112_/X                                 10     16     -6 (VIOLATED)
_7116_/X                                 10     16     -6 (VIOLATED)
_7120_/X                                 10     16     -6 (VIOLATED)
_7123_/Y                                 10     16     -6 (VIOLATED)
_7161_/Y                                 10     16     -6 (VIOLATED)
_7198_/Y                                 10     16     -6 (VIOLATED)
_7236_/Y                                 10     16     -6 (VIOLATED)
_7274_/Y                                 10     16     -6 (VIOLATED)
_7311_/Y                                 10     16     -6 (VIOLATED)
_7349_/Y                                 10     16     -6 (VIOLATED)
_7796_/Q                                 10     16     -6 (VIOLATED)
_7904_/Q                                 10     16     -6 (VIOLATED)
_7905_/Q                                 10     16     -6 (VIOLATED)
_8022_/Q                                 10     16     -6 (VIOLATED)
clkbuf_3_2_0_i_clk/X                     10     16     -6 (VIOLATED)
_3921_/Y                                 10     14     -4 (VIOLATED)
_3960_/Y                                 10     14     -4 (VIOLATED)
_3970_/X                                 10     14     -4 (VIOLATED)
_3980_/X                                 10     14     -4 (VIOLATED)
_4005_/Y                                 10     14     -4 (VIOLATED)
_4144_/Y                                 10     14     -4 (VIOLATED)
_4310_/X                                 10     14     -4 (VIOLATED)
_4923_/Y                                 10     14     -4 (VIOLATED)
_4972_/Y                                 10     14     -4 (VIOLATED)
_5011_/Y                                 10     14     -4 (VIOLATED)
_5022_/Y                                 10     14     -4 (VIOLATED)
_5051_/Y                                 10     14     -4 (VIOLATED)
_5109_/X                                 10     14     -4 (VIOLATED)
_5162_/Y                                 10     14     -4 (VIOLATED)
_5174_/X                                 10     14     -4 (VIOLATED)
_5444_/X                                 10     14     -4 (VIOLATED)
_5648_/X                                 10     14     -4 (VIOLATED)
_7042_/X                                 10     14     -4 (VIOLATED)
_7452_/X                                 10     14     -4 (VIOLATED)
_7455_/X                                 10     14     -4 (VIOLATED)
_7881_/Q                                 10     14     -4 (VIOLATED)
_7888_/Q                                 10     14     -4 (VIOLATED)
_7906_/Q                                 10     14     -4 (VIOLATED)
_7930_/Q                                 10     14     -4 (VIOLATED)
_7952_/Q                                 10     14     -4 (VIOLATED)
_7983_/Q                                 10     14     -4 (VIOLATED)
_8004_/Q                                 10     14     -4 (VIOLATED)
input75/X                                10     14     -4 (VIOLATED)
_3869_/Y                                 10     12     -2 (VIOLATED)
_3888_/Y                                 10     12     -2 (VIOLATED)
_3898_/Y                                 10     12     -2 (VIOLATED)
_3907_/Y                                 10     12     -2 (VIOLATED)
_3931_/Y                                 10     12     -2 (VIOLATED)
_3951_/X                                 10     12     -2 (VIOLATED)
_4004_/Y                                 10     12     -2 (VIOLATED)
_4025_/Y                                 10     12     -2 (VIOLATED)
_4214_/X                                 10     12     -2 (VIOLATED)
_4451_/Y                                 10     12     -2 (VIOLATED)
_4599_/Y                                 10     12     -2 (VIOLATED)
_4773_/X                                 10     12     -2 (VIOLATED)
_4864_/Y                                 10     12     -2 (VIOLATED)
_4903_/X                                 10     12     -2 (VIOLATED)
_4924_/X                                 10     12     -2 (VIOLATED)
_4971_/Y                                 10     12     -2 (VIOLATED)
_4985_/X                                 10     12     -2 (VIOLATED)
_5003_/Y                                 10     12     -2 (VIOLATED)
_5058_/X                                 10     12     -2 (VIOLATED)
_5098_/X                                 10     12     -2 (VIOLATED)
_5105_/Y                                 10     12     -2 (VIOLATED)
_5107_/X                                 10     12     -2 (VIOLATED)
_5124_/Y                                 10     12     -2 (VIOLATED)
_5151_/X                                 10     12     -2 (VIOLATED)
_5600_/X                                 10     12     -2 (VIOLATED)
_5714_/X                                 10     12     -2 (VIOLATED)
_6667_/X                                 10     12     -2 (VIOLATED)
_7124_/X                                 10     12     -2 (VIOLATED)
_7162_/X                                 10     12     -2 (VIOLATED)
_7199_/X                                 10     12     -2 (VIOLATED)
_7237_/X                                 10     12     -2 (VIOLATED)
_7275_/X                                 10     12     -2 (VIOLATED)
_7312_/X                                 10     12     -2 (VIOLATED)
_7350_/X                                 10     12     -2 (VIOLATED)
_7474_/X                                 10     12     -2 (VIOLATED)
_7883_/Q                                 10     12     -2 (VIOLATED)
_8003_/Q                                 10     12     -2 (VIOLATED)
_8060_/Q                                 10     12     -2 (VIOLATED)
_8061_/Q                                 10     12     -2 (VIOLATED)
_8062_/Q                                 10     12     -2 (VIOLATED)
_8063_/Q                                 10     12     -2 (VIOLATED)
_8067_/Q                                 10     12     -2 (VIOLATED)
_8068_/Q                                 10     12     -2 (VIOLATED)
_8069_/Q                                 10     12     -2 (VIOLATED)
_8071_/Q                                 10     12     -2 (VIOLATED)
_8190_/Q                                 10     12     -2 (VIOLATED)
_8194_/Q                                 10     12     -2 (VIOLATED)
_8195_/Q                                 10     12     -2 (VIOLATED)
_8196_/Q                                 10     12     -2 (VIOLATED)
_8197_/Q                                 10     12     -2 (VIOLATED)
_8198_/Q                                 10     12     -2 (VIOLATED)
_8199_/Q                                 10     12     -2 (VIOLATED)
_8200_/Q                                 10     12     -2 (VIOLATED)


===========================================================================
max slew violation count 0
max fanout violation count 376
max cap violation count 0
============================================================================
